Archive member included to satisfy reference by file (symbol)

d:/stm32cubeide_1.5.0/stm32cubeide/plugins/com.st.stm32cube.ide.mcu.externaltools.gnu-tools-for-stm32.7-2018-q2-update.win32_1.5.0.202011040924/tools/bin/../lib/gcc/arm-none-eabi/7.3.1/../../../../arm-none-eabi/lib/thumb/v7-m\libc_nano.a(lib_a-errno.o)
                              Core/Src/syscalls.o (__errno)
d:/stm32cubeide_1.5.0/stm32cubeide/plugins/com.st.stm32cube.ide.mcu.externaltools.gnu-tools-for-stm32.7-2018-q2-update.win32_1.5.0.202011040924/tools/bin/../lib/gcc/arm-none-eabi/7.3.1/../../../../arm-none-eabi/lib/thumb/v7-m\libc_nano.a(lib_a-exit.o)
                              d:/stm32cubeide_1.5.0/stm32cubeide/plugins/com.st.stm32cube.ide.mcu.externaltools.gnu-tools-for-stm32.7-2018-q2-update.win32_1.5.0.202011040924/tools/bin/../lib/gcc/arm-none-eabi/7.3.1/../../../../arm-none-eabi/lib/thumb/v7-m/crt0.o (exit)
d:/stm32cubeide_1.5.0/stm32cubeide/plugins/com.st.stm32cube.ide.mcu.externaltools.gnu-tools-for-stm32.7-2018-q2-update.win32_1.5.0.202011040924/tools/bin/../lib/gcc/arm-none-eabi/7.3.1/../../../../arm-none-eabi/lib/thumb/v7-m\libc_nano.a(lib_a-impure.o)
                              d:/stm32cubeide_1.5.0/stm32cubeide/plugins/com.st.stm32cube.ide.mcu.externaltools.gnu-tools-for-stm32.7-2018-q2-update.win32_1.5.0.202011040924/tools/bin/../lib/gcc/arm-none-eabi/7.3.1/../../../../arm-none-eabi/lib/thumb/v7-m\libc_nano.a(lib_a-exit.o) (_global_impure_ptr)
d:/stm32cubeide_1.5.0/stm32cubeide/plugins/com.st.stm32cube.ide.mcu.externaltools.gnu-tools-for-stm32.7-2018-q2-update.win32_1.5.0.202011040924/tools/bin/../lib/gcc/arm-none-eabi/7.3.1/../../../../arm-none-eabi/lib/thumb/v7-m\libc_nano.a(lib_a-init.o)
                              d:/stm32cubeide_1.5.0/stm32cubeide/plugins/com.st.stm32cube.ide.mcu.externaltools.gnu-tools-for-stm32.7-2018-q2-update.win32_1.5.0.202011040924/tools/bin/../lib/gcc/arm-none-eabi/7.3.1/../../../../arm-none-eabi/lib/thumb/v7-m/crt0.o (__libc_init_array)
d:/stm32cubeide_1.5.0/stm32cubeide/plugins/com.st.stm32cube.ide.mcu.externaltools.gnu-tools-for-stm32.7-2018-q2-update.win32_1.5.0.202011040924/tools/bin/../lib/gcc/arm-none-eabi/7.3.1/../../../../arm-none-eabi/lib/thumb/v7-m\libc_nano.a(lib_a-memcmp.o)
                              Core/Src/ndef_demo.o (memcmp)
d:/stm32cubeide_1.5.0/stm32cubeide/plugins/com.st.stm32cube.ide.mcu.externaltools.gnu-tools-for-stm32.7-2018-q2-update.win32_1.5.0.202011040924/tools/bin/../lib/gcc/arm-none-eabi/7.3.1/../../../../arm-none-eabi/lib/thumb/v7-m\libc_nano.a(lib_a-memcpy-stub.o)
                              Core/Src/ndef_demo.o (memcpy)
d:/stm32cubeide_1.5.0/stm32cubeide/plugins/com.st.stm32cube.ide.mcu.externaltools.gnu-tools-for-stm32.7-2018-q2-update.win32_1.5.0.202011040924/tools/bin/../lib/gcc/arm-none-eabi/7.3.1/../../../../arm-none-eabi/lib/thumb/v7-m\libc_nano.a(lib_a-memmove.o)
                              Middlewares/ST/rfal/Src/rfal_isoDep.o (memmove)
d:/stm32cubeide_1.5.0/stm32cubeide/plugins/com.st.stm32cube.ide.mcu.externaltools.gnu-tools-for-stm32.7-2018-q2-update.win32_1.5.0.202011040924/tools/bin/../lib/gcc/arm-none-eabi/7.3.1/../../../../arm-none-eabi/lib/thumb/v7-m\libc_nano.a(lib_a-memset.o)
                              d:/stm32cubeide_1.5.0/stm32cubeide/plugins/com.st.stm32cube.ide.mcu.externaltools.gnu-tools-for-stm32.7-2018-q2-update.win32_1.5.0.202011040924/tools/bin/../lib/gcc/arm-none-eabi/7.3.1/../../../../arm-none-eabi/lib/thumb/v7-m/crt0.o (memset)
d:/stm32cubeide_1.5.0/stm32cubeide/plugins/com.st.stm32cube.ide.mcu.externaltools.gnu-tools-for-stm32.7-2018-q2-update.win32_1.5.0.202011040924/tools/bin/../lib/gcc/arm-none-eabi/7.3.1/../../../../arm-none-eabi/lib/thumb/v7-m\libc_nano.a(lib_a-strlen.o)
                              Core/Src/logger.o (strlen)
d:/stm32cubeide_1.5.0/stm32cubeide/plugins/com.st.stm32cube.ide.mcu.externaltools.gnu-tools-for-stm32.7-2018-q2-update.win32_1.5.0.202011040924/tools/bin/../lib/gcc/arm-none-eabi/7.3.1/../../../../arm-none-eabi/lib/thumb/v7-m\libc_nano.a(lib_a-vsnprintf.o)
                              Core/Src/logger.o (vsnprintf)
d:/stm32cubeide_1.5.0/stm32cubeide/plugins/com.st.stm32cube.ide.mcu.externaltools.gnu-tools-for-stm32.7-2018-q2-update.win32_1.5.0.202011040924/tools/bin/../lib/gcc/arm-none-eabi/7.3.1/../../../../arm-none-eabi/lib/thumb/v7-m\libc_nano.a(lib_a-nano-svfprintf.o)
                              d:/stm32cubeide_1.5.0/stm32cubeide/plugins/com.st.stm32cube.ide.mcu.externaltools.gnu-tools-for-stm32.7-2018-q2-update.win32_1.5.0.202011040924/tools/bin/../lib/gcc/arm-none-eabi/7.3.1/../../../../arm-none-eabi/lib/thumb/v7-m\libc_nano.a(lib_a-vsnprintf.o) (_svfprintf_r)
d:/stm32cubeide_1.5.0/stm32cubeide/plugins/com.st.stm32cube.ide.mcu.externaltools.gnu-tools-for-stm32.7-2018-q2-update.win32_1.5.0.202011040924/tools/bin/../lib/gcc/arm-none-eabi/7.3.1/../../../../arm-none-eabi/lib/thumb/v7-m\libc_nano.a(lib_a-nano-vfprintf_i.o)
[...]
Memory Configuration

Name             Origin             Length             Attributes
RAM              0x0000000020000000 0x0000000000014000 xrw
FLASH            0x0000000008000000 0x0000000000080000 xr
*default*        0x0000000000000000 0xffffffffffffffff

Linker script and memory map

LOAD d:/stm32cubeide_1.5.0/stm32cubeide/plugins/com.st.stm32cube.ide.mcu.externaltools.gnu-tools-for-stm32.7-2018-q2-update.win32_1.5.0.202011040924/tools/bin/../lib/gcc/arm-none-eabi/7.3.1/thumb/v7-m/crti.o
LOAD d:/stm32cubeide_1.5.0/stm32cubeide/plugins/com.st.stm32cube.ide.mcu.externaltools.gnu-tools-for-stm32.7-2018-q2-update.win32_1.5.0.202011040924/tools/bin/../lib/gcc/arm-none-eabi/7.3.1/thumb/v7-m/crtbegin.o
LOAD d:/stm32cubeide_1.5.0/stm32cubeide/plugins/com.st.stm32cube.ide.mcu.externaltools.gnu-tools-for-stm32.7-2018-q2-update.win32_1.5.0.202011040924/tools/bin/../lib/gcc/arm-none-eabi/7.3.1/../../../../arm-none-eabi/lib/thumb/v7-m/crt0.o
LOAD Core/Src/logger.o
LOAD Core/Src/main.o
LOAD Core/Src/ndef_demo.o
LOAD Core/Src/ndef_dump.o
LOAD Core/Src/spi.o
LOAD Core/Src/stm32l1xx_hal_msp.o
LOAD Core/Src/stm32l1xx_it.o
LOAD Core/Src/syscalls.o
LOAD Core/Src/sysmem.o
LOAD Core/Src/system_stm32l1xx.o
LOAD Core/Src/usart.o
LOAD Core/Startup/startup_stm32l152retx.o
LOAD Drivers/Components/st25r3911.o
LOAD Drivers/Components/st25r3911_com.o
LOAD Drivers/Components/st25r3911_interrupt.o
LOAD Drivers/Components/timer.o
LOAD Drivers/STM32L1xx_HAL_Driver/Src/stm32l1xx_hal.o
LOAD Drivers/STM32L1xx_HAL_Driver/Src/stm32l1xx_hal_cortex.o
LOAD Drivers/STM32L1xx_HAL_Driver/Src/stm32l1xx_hal_dma.o
LOAD Drivers/STM32L1xx_HAL_Driver/Src/stm32l1xx_hal_exti.o
LOAD Drivers/STM32L1xx_HAL_Driver/Src/stm32l1xx_hal_flash.o
LOAD Drivers/STM32L1xx_HAL_Driver/Src/stm32l1xx_hal_flash_ex.o
LOAD Drivers/STM32L1xx_HAL_Driver/Src/stm32l1xx_hal_flash_ramfunc.o
LOAD Drivers/STM32L1xx_HAL_Driver/Src/stm32l1xx_hal_gpio.o
LOAD Drivers/STM32L1xx_HAL_Driver/Src/stm32l1xx_hal_pwr.o
LOAD Drivers/STM32L1xx_HAL_Driver/Src/stm32l1xx_hal_pwr_ex.o
LOAD Drivers/STM32L1xx_HAL_Driver/Src/stm32l1xx_hal_rcc.o
LOAD Drivers/STM32L1xx_HAL_Driver/Src/stm32l1xx_hal_rcc_ex.o
LOAD Drivers/STM32L1xx_HAL_Driver/Src/stm32l1xx_hal_spi.o
LOAD Drivers/STM32L1xx_HAL_Driver/Src/stm32l1xx_hal_tim.o
LOAD Drivers/STM32L1xx_HAL_Driver/Src/stm32l1xx_hal_tim_ex.o
LOAD Drivers/STM32L1xx_HAL_Driver/Src/stm32l1xx_hal_uart.o
LOAD Middlewares/ST/ndef/Src/message/ndef_message.o
LOAD Middlewares/ST/ndef/Src/message/ndef_record.o
LOAD Middlewares/ST/ndef/Src/message/ndef_type_wifi.o
LOAD Middlewares/ST/ndef/Src/message/ndef_types.o
LOAD Middlewares/ST/ndef/Src/message/ndef_types_mime.o
LOAD Middlewares/ST/ndef/Src/message/ndef_types_rtd.o
LOAD Middlewares/ST/ndef/Src/poller/ndef_poller.o
LOAD Middlewares/ST/ndef/Src/poller/ndef_t2t.o
LOAD Middlewares/ST/ndef/Src/poller/ndef_t3t.o
LOAD Middlewares/ST/ndef/Src/poller/ndef_t4t.o
LOAD Middlewares/ST/ndef/Src/poller/ndef_t5t.o
LOAD Middlewares/ST/ndef/doc/examples/ndef_example_read.o
LOAD Middlewares/ST/ndef/doc/examples/ndef_example_write.o
LOAD Middlewares/ST/rfal/Src/rfal_analogConfig.o
LOAD Middlewares/ST/rfal/Src/rfal_crc.o
LOAD Middlewares/ST/rfal/Src/rfal_dpo.o
LOAD Middlewares/ST/rfal/Src/rfal_iso15693_2.o
LOAD Middlewares/ST/rfal/Src/rfal_isoDep.o
LOAD Middlewares/ST/rfal/Src/rfal_nfc.o
LOAD Middlewares/ST/rfal/Src/rfal_nfcDep.o
LOAD Middlewares/ST/rfal/Src/rfal_nfca.o
LOAD Middlewares/ST/rfal/Src/rfal_nfcb.o
LOAD Middlewares/ST/rfal/Src/rfal_nfcf.o
LOAD Middlewares/ST/rfal/Src/rfal_nfcv.o
LOAD Middlewares/ST/rfal/Src/rfal_rfst25r3911.o
LOAD Middlewares/ST/rfal/Src/rfal_st25tb.o
LOAD Middlewares/ST/rfal/Src/rfal_st25xv.o
LOAD Middlewares/ST/rfal/Src/rfal_t1t.o
LOAD Middlewares/ST/rfal/Src/rfal_t2t.o
LOAD Middlewares/ST/rfal/Src/rfal_t4t.o
START GROUP
LOAD d:/stm32cubeide_1.5.0/stm32cubeide/plugins/com.st.stm32cube.ide.mcu.externaltools.gnu-tools-for-stm32.7-2018-q2-update.win32_1.5.0.202011040924/tools/bin/../lib/gcc/arm-none-eabi/7.3.1/../../../../arm-none-eabi/lib/thumb/v7-m\libc_nano.a
LOAD d:/stm32cubeide_1.5.0/stm32cubeide/plugins/com.st.stm32cube.ide.mcu.externaltools.gnu-tools-for-stm32.7-2018-q2-update.win32_1.5.0.202011040924/tools/bin/../lib/gcc/arm-none-eabi/7.3.1/../../../../arm-none-eabi/lib/thumb/v7-m\libm.a
END GROUP
START GROUP
LOAD d:/stm32cubeide_1.5.0/stm32cubeide/plugins/com.st.stm32cube.ide.mcu.externaltools.gnu-tools-for-stm32.7-2018-q2-update.win32_1.5.0.202011040924/tools/bin/../lib/gcc/arm-none-eabi/7.3.1/thumb/v7-m\libgcc.a
LOAD d:/stm32cubeide_1.5.0/stm32cubeide/plugins/com.st.stm32cube.ide.mcu.externaltools.gnu-tools-for-stm32.7-2018-q2-update.win32_1.5.0.202011040924/tools/bin/../lib/gcc/arm-none-eabi/7.3.1/../../../../arm-none-eabi/lib/thumb/v7-m\libc_nano.a
END GROUP
START GROUP
LOAD d:/stm32cubeide_1.5.0/stm32cubeide/plugins/com.st.stm32cube.ide.mcu.externaltools.gnu-tools-for-stm32.7-2018-q2-update.win32_1.5.0.202011040924/tools/bin/../lib/gcc/arm-none-eabi/7.3.1/thumb/v7-m\libgcc.a
LOAD d:/stm32cubeide_1.5.0/stm32cubeide/plugins/com.st.stm32cube.ide.mcu.externaltools.gnu-tools-for-stm32.7-2018-q2-update.win32_1.5.0.202011040924/tools/bin/../lib/gcc/arm-none-eabi/7.3.1/../../../../arm-none-eabi/lib/thumb/v7-m\libc_nano.a
LOAD d:/stm32cubeide_1.5.0/stm32cubeide/plugins/com.st.stm32cube.ide.mcu.externaltools.gnu-tools-for-stm32.7-2018-q2-update.win32_1.5.0.202011040924/tools/bin/../lib/gcc/arm-none-eabi/7.3.1/../../../../arm-none-eabi/lib/thumb/v7-m\libnosys.a
END GROUP
START GROUP
LOAD d:/stm32cubeide_1.5.0/stm32cubeide/plugins/com.st.stm32cube.ide.mcu.externaltools.gnu-tools-for-stm32.7-2018-q2-update.win32_1.5.0.202011040924/tools/bin/../lib/gcc/arm-none-eabi/7.3.1/thumb/v7-m\libgcc.a
LOAD d:/stm32cubeide_1.5.0/stm32cubeide/plugins/com.st.stm32cube.ide.mcu.externaltools.gnu-tools-for-stm32.7-2018-q2-update.win32_1.5.0.202011040924/tools/bin/../lib/gcc/arm-none-eabi/7.3.1/../../../../arm-none-eabi/lib/thumb/v7-m\libc_nano.a
LOAD d:/stm32cubeide_1.5.0/stm32cubeide/plugins/com.st.stm32cube.ide.mcu.externaltools.gnu-tools-for-stm32.7-2018-q2-update.win32_1.5.0.202011040924/tools/bin/../lib/gcc/arm-none-eabi/7.3.1/../../../../arm-none-eabi/lib/thumb/v7-m\libnosys.a
END GROUP
LOAD d:/stm32cubeide_1.5.0/stm32cubeide/plugins/com.st.stm32cube.ide.mcu.externaltools.gnu-tools-for-stm32.7-2018-q2-update.win32_1.5.0.202011040924/tools/bin/../lib/gcc/arm-none-eabi/7.3.1/thumb/v7-m/crtend.o
LOAD d:/stm32cubeide_1.5.0/stm32cubeide/plugins/com.st.stm32cube.ide.mcu.externaltools.gnu-tools-for-stm32.7-2018-q2-update.win32_1.5.0.202011040924/tools/bin/../lib/gcc/arm-none-eabi/7.3.1/thumb/v7-m/crtn.o
                0x0000000020014000                _estack = (ORIGIN (RAM) + LENGTH (RAM))
                0x0000000000000200                _Min_Heap_Size = 0x200
                0x0000000000000400                _Min_Stack_Size = 0x400

.isr_vector     0x0000000008000000      0x13c
                0x0000000008000000                . = ALIGN (0x4)
 *(.isr_vector)
 .isr_vector    0x0000000008000000      0x13c Core/Startup/startup_stm32l152retx.o
                0x0000000008000000                g_pfnVectors
                0x000000000800013c                . = ALIGN (0x4)

.text           0x000000000800013c    0x1953c
                0x000000000800013c                . = ALIGN (0x4)
 *(.text)
 .text          0x000000000800013c       0x40 d:/stm32cubeide_1.5.0/stm32cubeide/plugins/com.st.stm32cube.ide.mcu.externaltools.gnu-tools-for-stm32.7-2018-q2-update.win32_1.5.0.202011040924/tools/bin/../lib/gcc/arm-none-eabi/7.3.1/thumb/v7-m/crtbegin.o
 .text          0x000000000800017c       0x10 d:/stm32cubeide_1.5.0/stm32cubeide/plugins/com.st.stm32cube.ide.mcu.externaltools.gnu-tools-for-stm32.7-2018-q2-update.win32_1.5.0.202011040924/tools/bin/../lib/gcc/arm-none-eabi/7.3.1/../../../../arm-none-eabi/lib/thumb/v7-m\libc_nano.a(lib_a-strlen.o)
                0x000000000800017c                strlen
 .text          0x000000000800018c       0x30 d:/stm32cubeide_1.5.0/stm32cubeide/plugins/com.st.stm32cube.ide.mcu.externaltools.gnu-tools-for-stm32.7-2018-q2-update.win32_1.5.0.202011040924/tools/bin/../lib/gcc/arm-none-eabi/7.3.1/thumb/v7-m\libgcc.a(_aeabi_uldivmod.o)
                0x000000000800018c                __aeabi_uldivmod
 .text          0x00000000080001bc      0x2d0 d:/stm32cubeide_1.5.0/stm32cubeide/plugins/com.st.stm32cube.ide.mcu.externaltools.gnu-tools-for-stm32.7-2018-q2-update.win32_1.5.0.202011040924/tools/bin/../lib/gcc/arm-none-eabi/7.3.1/thumb/v7-m\libgcc.a(_udivmoddi4.o)
                0x00000000080001bc                __udivmoddi4
 .text          0x000000000800048c        0x4 d:/stm32cubeide_1.5.0/stm32cubeide/plugins/com.st.stm32cube.ide.mcu.externaltools.gnu-tools-for-stm32.7-2018-q2-update.win32_1.5.0.202011040924/tools/bin/../lib/gcc/arm-none-eabi/7.3.1/thumb/v7-m\libgcc.a(_dvmd_tls.o)
                0x000000000800048c                __aeabi_idiv0
                0x000000000800048c                __aeabi_ldiv0
 *(.text*)
 .text.logUsartInit
                0x0000000008000490       0x1c Core/Src/logger.o
                0x0000000008000490                logUsartInit
 .text.logUsartTx
                0x00000000080004ac       0x38 Core/Src/logger.o
                0x00000000080004ac                logUsartTx
 .text.logUsart
                0x00000000080004e4       0x50 Core/Src/logger.o
                0x00000000080004e4                logUsart
 .text.hex2Str  0x0000000008000534       0xf4 Core/Src/logger.o
                0x0000000008000534                hex2Str
 .text.main     0x0000000008000628      0x130 Core/Src/main.o
                0x0000000008000628                main
 .text.SystemClock_Config
                0x0000000008000758       0x9c Core/Src/main.o
                0x0000000008000758                SystemClock_Config
 .text.MX_SPI1_Init
                0x00000000080007f4       0x6c Core/Src/main.o
 .text.MX_UART4_Init
                0x0000000008000860       0x54 Core/Src/main.o
 .text.MX_USART2_UART_Init
                0x00000000080008b4       0x54 Core/Src/main.o
 .text.MX_GPIO_Init
                0x0000000008000908      0x124 Core/Src/main.o
 .text.ringbell
                0x0000000008000a2c       0x74 Core/Src/main.o
                0x0000000008000a2c                ringbell
 .text.Error_Handler
                0x0000000008000aa0        0x8 Core/Src/main.o
                0x0000000008000aa0                Error_Handler
 .text.checkUserButton
                0x0000000008000aa8       0xa4 Core/Src/ndef_demo.o
 .text.ndefShowDemoUsage
                0x0000000008000b4c       0x1c Core/Src/ndef_demo.o
 .text.demoIni  0x0000000008000b68       0xb4 Core/Src/ndef_demo.o
                0x0000000008000b68                demoIni
 .text.demoCycle
                0x0000000008000c1c      0x570 Core/Src/ndef_demo.o
                0x0000000008000c1c                demoCycle
 .text.demoP2P  0x000000000800118c      0x1dc Core/Src/ndef_demo.o
 .text.demoTransceiveBlocking
                0x0000000008001368       0x46 Core/Src/ndef_demo.o
                0x0000000008001368                demoTransceiveBlocking
 *fill*         0x00000000080013ae        0x2 
 .text.demoNdef
                0x00000000080013b0      0x548 Core/Src/ndef_demo.o
 .text.ndefT2TCCDump
                0x00000000080018f8       0x80 Core/Src/ndef_demo.o
 .text.ndefT3TAIBDump
                0x0000000008001978       0x8c Core/Src/ndef_demo.o
 .text.ndefT4TCCDump
                0x0000000008001a04       0x98 Core/Src/ndef_demo.o
 .text.ndefT5TCCDump
                0x0000000008001a9c       0xf4 Core/Src/ndef_demo.o
 .text.ndefCCDump
                0x0000000008001b90       0xa4 Core/Src/ndef_demo.o
 .text.ndefDumpSysInfo
                0x0000000008001c34      0x3ec Core/Src/ndef_demo.o
 .text.ndefIsSTTag
                0x0000000008002020       0x70 Core/Src/ndef_demo.o
 .text.LedNotificationWriteDone
                0x0000000008002090       0x34 Core/Src/ndef_demo.o
 .text.ledsOn   0x00000000080020c4       0x50 Core/Src/ndef_demo.o
 .text.ledsOff  0x0000000008002114       0x50 Core/Src/ndef_demo.o
 .text.isPrintableASCII
                0x0000000008002164       0x56 Core/Src/ndef_dump.o
 *fill*         0x00000000080021ba        0x2 
 .text.ndefRecordDump
                0x00000000080021bc      0x1c4 Core/Src/ndef_dump.o
                0x00000000080021bc                ndefRecordDump
 .text.ndefMessageDump
                0x0000000008002380       0x74 Core/Src/ndef_dump.o
                0x0000000008002380                ndefMessageDump
 .text.ndefEmptyTypeDump
                0x00000000080023f4       0x34 Core/Src/ndef_dump.o
                0x00000000080023f4                ndefEmptyTypeDump
 .text.ndefRtdDeviceInfoDump
                0x0000000008002428      0x134 Core/Src/ndef_dump.o
                0x0000000008002428                ndefRtdDeviceInfoDump
 .text.ndefRtdTextDump
                0x000000000800255c       0x88 Core/Src/ndef_dump.o
                0x000000000800255c                ndefRtdTextDump
 .text.ndefRtdUriDump
                0x00000000080025e4       0x64 Core/Src/ndef_dump.o
                0x00000000080025e4                ndefRtdUriDump
 .text.ndefRtdAarDump
                0x0000000008002648       0x4c Core/Src/ndef_dump.o
                0x0000000008002648                ndefRtdAarDump
 .text.ndefMediaVCardTranslate
                0x0000000008002694       0xc4 Core/Src/ndef_dump.o
 .text.ndefMediaVCardDump
                0x0000000008002758      0x1c8 Core/Src/ndef_dump.o
                0x0000000008002758                ndefMediaVCardDump
 .text.ndefMediaWifiDump
                0x0000000008002920       0x80 Core/Src/ndef_dump.o
                0x0000000008002920                ndefMediaWifiDump
 .text.ndefRecordDumpType
                0x00000000080029a0       0x94 Core/Src/ndef_dump.o
                0x00000000080029a0                ndefRecordDumpType
 .text.ndefBufferDumpLine
                0x0000000008002a34       0xfc Core/Src/ndef_dump.o
 .text.ndefBufferDump
                0x0000000008002b30       0xc8 Core/Src/ndef_dump.o
                0x0000000008002b30                ndefBufferDump
 .text.ndefBufferPrint
                0x0000000008002bf8       0xa4 Core/Src/ndef_dump.o
                0x0000000008002bf8                ndefBufferPrint
 .text.ndefBuffer8Print
                0x0000000008002c9c       0x3a Core/Src/ndef_dump.o
                0x0000000008002c9c                ndefBuffer8Print
 *fill*         0x0000000008002cd6        0x2 
 .text.spiInit  0x0000000008002cd8       0x2c Core/Src/spi.o
                0x0000000008002cd8                spiInit
 .text.spiTxRx  0x0000000008002d04       0x7c Core/Src/spi.o
                0x0000000008002d04                spiTxRx
 .text.HAL_MspInit
                0x0000000008002d80       0x60 Core/Src/stm32l1xx_hal_msp.o
                0x0000000008002d80                HAL_MspInit
 .text.HAL_SPI_MspInit
                0x0000000008002de0       0x88 Core/Src/stm32l1xx_hal_msp.o
                0x0000000008002de0                HAL_SPI_MspInit
 .text.HAL_UART_MspInit
                0x0000000008002e68       0xec Core/Src/stm32l1xx_hal_msp.o
                0x0000000008002e68                HAL_UART_MspInit
 .text.NMI_Handler
                0x0000000008002f54        0x6 Core/Src/stm32l1xx_it.o
                0x0000000008002f54                NMI_Handler
 .text.HardFault_Handler
                0x0000000008002f5a        0x6 Core/Src/stm32l1xx_it.o
                0x0000000008002f5a                HardFault_Handler
 .text.MemManage_Handler
                0x0000000008002f60        0x6 Core/Src/stm32l1xx_it.o
                0x0000000008002f60                MemManage_Handler
 .text.BusFault_Handler
                0x0000000008002f66        0x6 Core/Src/stm32l1xx_it.o
                0x0000000008002f66                BusFault_Handler
 .text.UsageFault_Handler
                0x0000000008002f6c        0x6 Core/Src/stm32l1xx_it.o
                0x0000000008002f6c                UsageFault_Handler
 .text.SVC_Handler
                0x0000000008002f72        0xc Core/Src/stm32l1xx_it.o
                0x0000000008002f72                SVC_Handler
 .text.DebugMon_Handler
                0x0000000008002f7e        0xc Core/Src/stm32l1xx_it.o
                0x0000000008002f7e                DebugMon_Handler
 .text.PendSV_Handler
                0x0000000008002f8a        0xc Core/Src/stm32l1xx_it.o
                0x0000000008002f8a                PendSV_Handler
 .text.SysTick_Handler
                0x0000000008002f96        0xc Core/Src/stm32l1xx_it.o
                0x0000000008002f96                SysTick_Handler
 .text.EXTI0_IRQHandler
                0x0000000008002fa2       0x12 Core/Src/stm32l1xx_it.o
                0x0000000008002fa2                EXTI0_IRQHandler
 .text._sbrk    0x0000000008002fb4       0x6c Core/Src/sysmem.o
                0x0000000008002fb4                _sbrk
 .text.SystemInit
                0x0000000008003020        0xc Core/Src/system_stm32l1xx.o
                0x0000000008003020                SystemInit
 .text.Reset_Handler
                0x000000000800302c       0x48 Core/Startup/startup_stm32l152retx.o
                0x000000000800302c                Reset_Handler
 .text.Default_Handler
                0x0000000008003074        0x2 Core/Startup/startup_stm32l152retx.o
                0x0000000008003074                RTC_Alarm_IRQHandler
                0x0000000008003074                EXTI2_IRQHandler
                0x0000000008003074                COMP_ACQ_IRQHandler
                0x0000000008003074                TIM10_IRQHandler
                0x0000000008003074                USB_HP_IRQHandler
                0x0000000008003074                TIM6_IRQHandler
                0x0000000008003074                PVD_IRQHandler
                0x0000000008003074                EXTI3_IRQHandler
                0x0000000008003074                I2C2_EV_IRQHandler
                0x0000000008003074                SPI1_IRQHandler
                0x0000000008003074                USB_FS_WKUP_IRQHandler
                0x0000000008003074                DMA2_Channel2_IRQHandler
                0x0000000008003074                DMA1_Channel4_IRQHandler
                0x0000000008003074                ADC1_IRQHandler
                0x0000000008003074                USART3_IRQHandler
                0x0000000008003074                DMA1_Channel7_IRQHandler
                0x0000000008003074                LCD_IRQHandler
                0x0000000008003074                UART5_IRQHandler
                0x0000000008003074                TIM4_IRQHandler
                0x0000000008003074                DMA2_Channel1_IRQHandler
                0x0000000008003074                I2C1_EV_IRQHandler
                0x0000000008003074                DMA1_Channel6_IRQHandler
                0x0000000008003074                UART4_IRQHandler
                0x0000000008003074                DMA2_Channel4_IRQHandler
                0x0000000008003074                TIM3_IRQHandler
                0x0000000008003074                RCC_IRQHandler
                0x0000000008003074                DMA1_Channel1_IRQHandler
                0x0000000008003074                Default_Handler
                0x0000000008003074                EXTI15_10_IRQHandler
                0x0000000008003074                TIM7_IRQHandler
                0x0000000008003074                TIM5_IRQHandler
                0x0000000008003074                EXTI9_5_IRQHandler
                0x0000000008003074                TIM9_IRQHandler
                0x0000000008003074                TAMPER_STAMP_IRQHandler
                0x0000000008003074                RTC_WKUP_IRQHandler
                0x0000000008003074                SPI2_IRQHandler
                0x0000000008003074                DMA2_Channel5_IRQHandler
                0x0000000008003074                DMA1_Channel5_IRQHandler
                0x0000000008003074                USB_LP_IRQHandler
                0x0000000008003074                EXTI4_IRQHandler
                0x0000000008003074                DMA1_Channel3_IRQHandler
                0x0000000008003074                COMP_IRQHandler
                0x0000000008003074                WWDG_IRQHandler
                0x0000000008003074                TIM2_IRQHandler
                0x0000000008003074                DAC_IRQHandler
                0x0000000008003074                EXTI1_IRQHandler
                0x0000000008003074                TIM11_IRQHandler
                0x0000000008003074                USART2_IRQHandler
                0x0000000008003074                I2C2_ER_IRQHandler
                0x0000000008003074                DMA1_Channel2_IRQHandler
                0x0000000008003074                FLASH_IRQHandler
                0x0000000008003074                USART1_IRQHandler
                0x0000000008003074                SPI3_IRQHandler
                0x0000000008003074                I2C1_ER_IRQHandler
                0x0000000008003074                DMA2_Channel3_IRQHandler
 .text.st25r3911TxRxOn
                0x0000000008003076       0x10 Drivers/Components/st25r3911.o
                0x0000000008003076                st25r3911TxRxOn
 .text.st25r3911TxRxOff
                0x0000000008003086       0x10 Drivers/Components/st25r3911.o
                0x0000000008003086                st25r3911TxRxOff
 .text.st25r3911OscOn
                0x0000000008003096       0x42 Drivers/Components/st25r3911.o
                0x0000000008003096                st25r3911OscOn
 .text.st25r3911Initialize
                0x00000000080030d8       0x5c Drivers/Components/st25r3911.o
                0x00000000080030d8                st25r3911Initialize
 .text.st25r3911AdjustRegulators
                0x0000000008003134       0xae Drivers/Components/st25r3911.o
                0x0000000008003134                st25r3911AdjustRegulators
 .text.st25r3911MeasureAmplitude
                0x00000000080031e2       0x1c Drivers/Components/st25r3911.o
                0x00000000080031e2                st25r3911MeasureAmplitude
 .text.st25r3911MeasurePhase
                0x00000000080031fe       0x1c Drivers/Components/st25r3911.o
                0x00000000080031fe                st25r3911MeasurePhase
 .text.st25r3911MeasureCapacitance
                0x000000000800321a       0x1c Drivers/Components/st25r3911.o
                0x000000000800321a                st25r3911MeasureCapacitance
 .text.st25r3911CalibrateAntenna
                0x0000000008003236       0x1c Drivers/Components/st25r3911.o
                0x0000000008003236                st25r3911CalibrateAntenna
 .text.st25r3911CalibrateCapacitiveSensor
                0x0000000008003252       0x5a Drivers/Components/st25r3911.o
                0x0000000008003252                st25r3911CalibrateCapacitiveSensor
 .text.st25r3911SetBitrate
                0x00000000080032ac       0x80 Drivers/Components/st25r3911.o
                0x00000000080032ac                st25r3911SetBitrate
 .text.st25r3911MeasurePowerSupply
                0x000000000800332c       0x2e Drivers/Components/st25r3911.o
                0x000000000800332c                st25r3911MeasurePowerSupply
 *fill*         0x000000000800335a        0x2 
 .text.st25r3911MeasureVoltage
                0x000000000800335c       0x54 Drivers/Components/st25r3911.o
                0x000000000800335c                st25r3911MeasureVoltage
 .text.st25r3911StartGPTimer_8fcs
                0x00000000080033b0       0x3a Drivers/Components/st25r3911.o
                0x00000000080033b0                st25r3911StartGPTimer_8fcs
 .text.st25r3911SetGPTime_8fcs
                0x00000000080033ea       0x2e Drivers/Components/st25r3911.o
                0x00000000080033ea                st25r3911SetGPTime_8fcs
 .text.st25r3911CheckReg
                0x0000000008003418       0x40 Drivers/Components/st25r3911.o
                0x0000000008003418                st25r3911CheckReg
 .text.st25r3911CheckChipID
                0x0000000008003458       0x42 Drivers/Components/st25r3911.o
                0x0000000008003458                st25r3911CheckChipID
 *fill*         0x000000000800349a        0x2 
 .text.st25r3911SetNoResponseTime_64fcs
                0x000000000800349c       0x7c Drivers/Components/st25r3911.o
                0x000000000800349c                st25r3911SetNoResponseTime_64fcs
 .text.st25r3911PerformCollisionAvoidance
                0x0000000008003518       0xea Drivers/Components/st25r3911.o
                0x0000000008003518                st25r3911PerformCollisionAvoidance
 .text.st25r3911SetNumTxBits
                0x0000000008003602       0x2a Drivers/Components/st25r3911.o
                0x0000000008003602                st25r3911SetNumTxBits
 .text.st25r3911StreamConfigure
                0x000000000800362c       0xdc Drivers/Components/st25r3911.o
                0x000000000800362c                st25r3911StreamConfigure
 .text.st25r3911ExecuteCommandAndGetResult
                0x0000000008003708       0x5c Drivers/Components/st25r3911.o
 .text.__NVIC_EnableIRQ
                0x0000000008003764       0x38 Drivers/Components/st25r3911_com.o
 .text.__NVIC_DisableIRQ
                0x000000000800379c       0x44 Drivers/Components/st25r3911_com.o
 .text.st25r3911CheckFieldSetLED
                0x00000000080037e0       0x3c Drivers/Components/st25r3911_com.o
 .text.st25r3911ReadRegister
                0x000000000800381c       0x94 Drivers/Components/st25r3911_com.o
                0x000000000800381c                st25r3911ReadRegister
 .text.st25r3911ReadMultipleRegisters
                0x00000000080038b0       0x9c Drivers/Components/st25r3911_com.o
                0x00000000080038b0                st25r3911ReadMultipleRegisters
 .text.st25r3911ReadTestRegister
                0x000000000800394c       0x98 Drivers/Components/st25r3911_com.o
                0x000000000800394c                st25r3911ReadTestRegister
 .text.st25r3911WriteTestRegister
                0x00000000080039e4       0x88 Drivers/Components/st25r3911_com.o
                0x00000000080039e4                st25r3911WriteTestRegister
 .text.st25r3911WriteRegister
                0x0000000008003a6c       0x94 Drivers/Components/st25r3911_com.o
                0x0000000008003a6c                st25r3911WriteRegister
 .text.st25r3911ClrRegisterBits
                0x0000000008003b00       0x46 Drivers/Components/st25r3911_com.o
                0x0000000008003b00                st25r3911ClrRegisterBits
 .text.st25r3911SetRegisterBits
                0x0000000008003b46       0x3c Drivers/Components/st25r3911_com.o
                0x0000000008003b46                st25r3911SetRegisterBits
 .text.st25r3911ChangeRegisterBits
                0x0000000008003b82       0x2c Drivers/Components/st25r3911_com.o
                0x0000000008003b82                st25r3911ChangeRegisterBits
 .text.st25r3911ModifyRegister
                0x0000000008003bae       0x52 Drivers/Components/st25r3911_com.o
                0x0000000008003bae                st25r3911ModifyRegister
 .text.st25r3911ChangeTestRegisterBits
                0x0000000008003c00       0x54 Drivers/Components/st25r3911_com.o
                0x0000000008003c00                st25r3911ChangeTestRegisterBits
 .text.st25r3911WriteFifo
                0x0000000008003c54       0x90 Drivers/Components/st25r3911_com.o
                0x0000000008003c54                st25r3911WriteFifo
 .text.st25r3911ReadFifo
                0x0000000008003ce4       0x90 Drivers/Components/st25r3911_com.o
                0x0000000008003ce4                st25r3911ReadFifo
 .text.st25r3911ExecuteCommand
                0x0000000008003d74       0x9c Drivers/Components/st25r3911_com.o
                0x0000000008003d74                st25r3911ExecuteCommand
 .text.st25r3911ExecuteCommands
                0x0000000008003e10       0x78 Drivers/Components/st25r3911_com.o
                0x0000000008003e10                st25r3911ExecuteCommands
 .text.__NVIC_EnableIRQ
                0x0000000008003e88       0x38 Drivers/Components/st25r3911_interrupt.o
 .text.__NVIC_DisableIRQ
                0x0000000008003ec0       0x44 Drivers/Components/st25r3911_interrupt.o
 .text.st25r3911InitInterrupts
                0x0000000008003f04       0x34 Drivers/Components/st25r3911_interrupt.o
                0x0000000008003f04                st25r3911InitInterrupts
 .text.st25r3911Isr
                0x0000000008003f38       0x20 Drivers/Components/st25r3911_interrupt.o
                0x0000000008003f38                st25r3911Isr
 .text.st25r3911CheckForReceivedInterrupts
                0x0000000008003f58       0xc0 Drivers/Components/st25r3911_interrupt.o
                0x0000000008003f58                st25r3911CheckForReceivedInterrupts
 .text.st25r3911ModifyInterrupts
                0x0000000008004018       0x88 Drivers/Components/st25r3911_interrupt.o
                0x0000000008004018                st25r3911ModifyInterrupts
 .text.st25r3911WaitForInterruptsTimed
                0x00000000080040a0       0xa0 Drivers/Components/st25r3911_interrupt.o
                0x00000000080040a0                st25r3911WaitForInterruptsTimed
 .text.st25r3911GetInterrupt
                0x0000000008004140       0x70 Drivers/Components/st25r3911_interrupt.o
                0x0000000008004140                st25r3911GetInterrupt
 .text.st25r3911EnableInterrupts
                0x00000000080041b0       0x18 Drivers/Components/st25r3911_interrupt.o
                0x00000000080041b0                st25r3911EnableInterrupts
 .text.st25r3911DisableInterrupts
                0x00000000080041c8       0x18 Drivers/Components/st25r3911_interrupt.o
                0x00000000080041c8                st25r3911DisableInterrupts
 .text.st25r3911ClearInterrupts
                0x00000000080041e0       0x64 Drivers/Components/st25r3911_interrupt.o
                0x00000000080041e0                st25r3911ClearInterrupts
 .text.timerCalculateTimer
                0x0000000008004244       0x1c Drivers/Components/timer.o
                0x0000000008004244                timerCalculateTimer
 .text.timerIsExpired
                0x0000000008004260       0x2c Drivers/Components/timer.o
                0x0000000008004260                timerIsExpired
 .text.HAL_Init
                0x000000000800428c       0x30 Drivers/STM32L1xx_HAL_Driver/Src/stm32l1xx_hal.o
                0x000000000800428c                HAL_Init
 .text.HAL_InitTick
                0x00000000080042bc       0x74 Drivers/STM32L1xx_HAL_Driver/Src/stm32l1xx_hal.o
                0x00000000080042bc                HAL_InitTick
 .text.HAL_IncTick
                0x0000000008004330       0x24 Drivers/STM32L1xx_HAL_Driver/Src/stm32l1xx_hal.o
                0x0000000008004330                HAL_IncTick
 .text.HAL_GetTick
                0x0000000008004354       0x14 Drivers/STM32L1xx_HAL_Driver/Src/stm32l1xx_hal.o
                0x0000000008004354                HAL_GetTick
 .text.HAL_Delay
                0x0000000008004368       0x44 Drivers/STM32L1xx_HAL_Driver/Src/stm32l1xx_hal.o
                0x0000000008004368                HAL_Delay
 .text.__NVIC_SetPriorityGrouping
                0x00000000080043ac       0x48 Drivers/STM32L1xx_HAL_Driver/Src/stm32l1xx_hal_cortex.o
 .text.__NVIC_GetPriorityGrouping
                0x00000000080043f4       0x1c Drivers/STM32L1xx_HAL_Driver/Src/stm32l1xx_hal_cortex.o
 .text.__NVIC_EnableIRQ
                0x0000000008004410       0x38 Drivers/STM32L1xx_HAL_Driver/Src/stm32l1xx_hal_cortex.o
 .text.__NVIC_SetPriority
                0x0000000008004448       0x54 Drivers/STM32L1xx_HAL_Driver/Src/stm32l1xx_hal_cortex.o
 .text.NVIC_EncodePriority
                0x000000000800449c       0x64 Drivers/STM32L1xx_HAL_Driver/Src/stm32l1xx_hal_cortex.o
 .text.SysTick_Config
                0x0000000008004500       0x44 Drivers/STM32L1xx_HAL_Driver/Src/stm32l1xx_hal_cortex.o
 .text.HAL_NVIC_SetPriorityGrouping
                0x0000000008004544       0x16 Drivers/STM32L1xx_HAL_Driver/Src/stm32l1xx_hal_cortex.o
                0x0000000008004544                HAL_NVIC_SetPriorityGrouping
 .text.HAL_NVIC_SetPriority
                0x000000000800455a       0x38 Drivers/STM32L1xx_HAL_Driver/Src/stm32l1xx_hal_cortex.o
                0x000000000800455a                HAL_NVIC_SetPriority
 .text.HAL_NVIC_EnableIRQ
                0x0000000008004592       0x1c Drivers/STM32L1xx_HAL_Driver/Src/stm32l1xx_hal_cortex.o
                0x0000000008004592                HAL_NVIC_EnableIRQ
 .text.HAL_SYSTICK_Config
                0x00000000080045ae       0x18 Drivers/STM32L1xx_HAL_Driver/Src/stm32l1xx_hal_cortex.o
                0x00000000080045ae                HAL_SYSTICK_Config
 *fill*         0x00000000080045c6        0x2 
 .text.HAL_GPIO_Init
                0x00000000080045c8      0x31c Drivers/STM32L1xx_HAL_Driver/Src/stm32l1xx_hal_gpio.o
                0x00000000080045c8                HAL_GPIO_Init
 .text.HAL_GPIO_ReadPin
                0x00000000080048e4       0x2e Drivers/STM32L1xx_HAL_Driver/Src/stm32l1xx_hal_gpio.o
                0x00000000080048e4                HAL_GPIO_ReadPin
 .text.HAL_GPIO_WritePin
                0x0000000008004912       0x30 Drivers/STM32L1xx_HAL_Driver/Src/stm32l1xx_hal_gpio.o
                0x0000000008004912                HAL_GPIO_WritePin
 .text.HAL_GPIO_TogglePin
                0x0000000008004942       0x32 Drivers/STM32L1xx_HAL_Driver/Src/stm32l1xx_hal_gpio.o
                0x0000000008004942                HAL_GPIO_TogglePin
 .text.HAL_GPIO_EXTI_IRQHandler
                0x0000000008004974       0x30 Drivers/STM32L1xx_HAL_Driver/Src/stm32l1xx_hal_gpio.o
                0x0000000008004974                HAL_GPIO_EXTI_IRQHandler
 .text.HAL_GPIO_EXTI_Callback
                0x00000000080049a4       0x14 Drivers/STM32L1xx_HAL_Driver/Src/stm32l1xx_hal_gpio.o
                0x00000000080049a4                HAL_GPIO_EXTI_Callback
 .text.HAL_RCC_OscConfig
                0x00000000080049b8      0x660 Drivers/STM32L1xx_HAL_Driver/Src/stm32l1xx_hal_rcc.o
                0x00000000080049b8                HAL_RCC_OscConfig
 .text.HAL_RCC_ClockConfig
                0x0000000008005018      0x268 Drivers/STM32L1xx_HAL_Driver/Src/stm32l1xx_hal_rcc.o
                0x0000000008005018                HAL_RCC_ClockConfig
 .text.HAL_RCC_GetSysClockFreq
                0x0000000008005280      0x194 Drivers/STM32L1xx_HAL_Driver/Src/stm32l1xx_hal_rcc.o
                0x0000000008005280                HAL_RCC_GetSysClockFreq
 .text.HAL_RCC_GetHCLKFreq
                0x0000000008005414       0x14 Drivers/STM32L1xx_HAL_Driver/Src/stm32l1xx_hal_rcc.o
                0x0000000008005414                HAL_RCC_GetHCLKFreq
 .text.HAL_RCC_GetPCLK1Freq
                0x0000000008005428       0x28 Drivers/STM32L1xx_HAL_Driver/Src/stm32l1xx_hal_rcc.o
                0x0000000008005428                HAL_RCC_GetPCLK1Freq
 .text.HAL_RCC_GetPCLK2Freq
                0x0000000008005450       0x28 Drivers/STM32L1xx_HAL_Driver/Src/stm32l1xx_hal_rcc.o
                0x0000000008005450                HAL_RCC_GetPCLK2Freq
 .text.RCC_SetFlashLatencyFromMSIRange
                0x0000000008005478       0xc0 Drivers/STM32L1xx_HAL_Driver/Src/stm32l1xx_hal_rcc.o
 .text.HAL_SPI_Init
                0x0000000008005538      0x112 Drivers/STM32L1xx_HAL_Driver/Src/stm32l1xx_hal_spi.o
                0x0000000008005538                HAL_SPI_Init
 .text.HAL_SPI_TransmitReceive
                0x000000000800564a      0x344 Drivers/STM32L1xx_HAL_Driver/Src/stm32l1xx_hal_spi.o
                0x000000000800564a                HAL_SPI_TransmitReceive
 *fill*         0x000000000800598e        0x2 
 .text.SPI_WaitFlagStateUntilTimeout
                0x0000000008005990      0x110 Drivers/STM32L1xx_HAL_Driver/Src/stm32l1xx_hal_spi.o
 .text.SPI_EndRxTxTransaction
                0x0000000008005aa0       0x84 Drivers/STM32L1xx_HAL_Driver/Src/stm32l1xx_hal_spi.o
 .text.HAL_UART_Init
                0x0000000008005b24       0x9a Drivers/STM32L1xx_HAL_Driver/Src/stm32l1xx_hal_uart.o
                0x0000000008005b24                HAL_UART_Init
 .text.HAL_UART_Transmit
                0x0000000008005bbe      0x124 Drivers/STM32L1xx_HAL_Driver/Src/stm32l1xx_hal_uart.o
                0x0000000008005bbe                HAL_UART_Transmit
 .text.UART_WaitOnFlagUntilTimeout
                0x0000000008005ce2       0x94 Drivers/STM32L1xx_HAL_Driver/Src/stm32l1xx_hal_uart.o
 *fill*         0x0000000008005d76        0x2 
 .text.UART_SetConfig
                0x0000000008005d78      0x1c8 Drivers/STM32L1xx_HAL_Driver/Src/stm32l1xx_hal_uart.o
 .text.ndefAllocRecord
                0x0000000008005f40       0x3c Middlewares/ST/ndef/Src/message/ndef_message.o
 .text.ndefMessageInit
                0x0000000008005f7c       0x3c Middlewares/ST/ndef/Src/message/ndef_message.o
                0x0000000008005f7c                ndefMessageInit
 .text.ndefMessageGetInfo
                0x0000000008005fb8       0x60 Middlewares/ST/ndef/Src/message/ndef_message.o
                0x0000000008005fb8                ndefMessageGetInfo
 .text.ndefMessageAppend
                0x0000000008006018       0xaa Middlewares/ST/ndef/Src/message/ndef_message.o
                0x0000000008006018                ndefMessageAppend
 .text.ndefMessageDecode
                0x00000000080060c2       0xb2 Middlewares/ST/ndef/Src/message/ndef_message.o
                0x00000000080060c2                ndefMessageDecode
 .text.ndefMessageEncode
                0x0000000008006174       0xcc Middlewares/ST/ndef/Src/message/ndef_message.o
                0x0000000008006174                ndefMessageEncode
 .text.ndefRecordReset
                0x0000000008006240       0x64 Middlewares/ST/ndef/Src/message/ndef_record.o
                0x0000000008006240                ndefRecordReset
 .text.ndefRecordGetHeaderLength
                0x00000000080062a4       0x6c Middlewares/ST/ndef/Src/message/ndef_record.o
                0x00000000080062a4                ndefRecordGetHeaderLength
 .text.ndefRecordGetLength
                0x0000000008006310       0x32 Middlewares/ST/ndef/Src/message/ndef_record.o
                0x0000000008006310                ndefRecordGetLength
 .text.ndefRecordSetType
                0x0000000008006342       0x5e Middlewares/ST/ndef/Src/message/ndef_record.o
                0x0000000008006342                ndefRecordSetType
 .text.ndefRecordGetType
                0x00000000080063a0       0x4c Middlewares/ST/ndef/Src/message/ndef_record.o
                0x00000000080063a0                ndefRecordGetType
 .text.ndefRecordTypeMatch
                0x00000000080063ec       0x5e Middlewares/ST/ndef/Src/message/ndef_record.o
                0x00000000080063ec                ndefRecordTypeMatch
 .text.ndefRecordSetId
                0x000000000800644a       0x6c Middlewares/ST/ndef/Src/message/ndef_record.o
                0x000000000800644a                ndefRecordSetId
 .text.ndefRecordGetId
                0x00000000080064b6       0x36 Middlewares/ST/ndef/Src/message/ndef_record.o
                0x00000000080064b6                ndefRecordGetId
 .text.ndefRecordSetPayload
                0x00000000080064ec       0x6e Middlewares/ST/ndef/Src/message/ndef_record.o
                0x00000000080064ec                ndefRecordSetPayload
 .text.ndefRecordGetPayload
                0x000000000800655a       0x38 Middlewares/ST/ndef/Src/message/ndef_record.o
                0x000000000800655a                ndefRecordGetPayload
 .text.ndefRecordDecode
                0x0000000008006592      0x1fa Middlewares/ST/ndef/Src/message/ndef_record.o
                0x0000000008006592                ndefRecordDecode
 .text.ndefRecordEncodeHeader
                0x000000000800678c      0x10a Middlewares/ST/ndef/Src/message/ndef_record.o
                0x000000000800678c                ndefRecordEncodeHeader
 .text.ndefRecordPayloadEncode
                0x0000000008006896       0x82 Middlewares/ST/ndef/Src/message/ndef_record.o
 .text.ndefRecordEncode
                0x0000000008006918      0x102 Middlewares/ST/ndef/Src/message/ndef_record.o
                0x0000000008006918                ndefRecordEncode
 .text.ndefRecordGetPayloadLength
                0x0000000008006a1a       0x46 Middlewares/ST/ndef/Src/message/ndef_record.o
                0x0000000008006a1a                ndefRecordGetPayloadLength
 .text.ndefRecordGetPayloadItem
                0x0000000008006a60       0x68 Middlewares/ST/ndef/Src/message/ndef_record.o
                0x0000000008006a60                ndefRecordGetPayloadItem
 .text.ndefWifiPayloadGetLength
                0x0000000008006ac8       0x3a Middlewares/ST/ndef/Src/message/ndef_type_wifi.o
 *fill*         0x0000000008006b02        0x2 
 .text.ndefWifiToPayloadItem
                0x0000000008006b04      0x1cc Middlewares/ST/ndef/Src/message/ndef_type_wifi.o
 .text.ndefWifi
                0x0000000008006cd0       0x74 Middlewares/ST/ndef/Src/message/ndef_type_wifi.o
                0x0000000008006cd0                ndefWifi
 .text.ndefGetWifi
                0x0000000008006d44       0x64 Middlewares/ST/ndef/Src/message/ndef_type_wifi.o
                0x0000000008006d44                ndefGetWifi
 .text.ndefPayloadToWifi
                0x0000000008006da8      0x164 Middlewares/ST/ndef/Src/message/ndef_type_wifi.o
 .text.ndefRecordToWifi
                0x0000000008006f0c       0x6c Middlewares/ST/ndef/Src/message/ndef_type_wifi.o
                0x0000000008006f0c                ndefRecordToWifi
 .text.ndefWifiToRecord
                0x0000000008006f78       0x48 Middlewares/ST/ndef/Src/message/ndef_type_wifi.o
                0x0000000008006f78                ndefWifiToRecord
 .text.ndefTypeStringToTypeId
                0x0000000008006fc0       0xac Middlewares/ST/ndef/Src/message/ndef_types.o
 .text.ndefRecordTypeStringToTypeId
                0x000000000800706c       0x74 Middlewares/ST/ndef/Src/message/ndef_types.o
                0x000000000800706c                ndefRecordTypeStringToTypeId
 .text.ndefRecordToType
                0x00000000080070e0       0xac Middlewares/ST/ndef/Src/message/ndef_types.o
                0x00000000080070e0                ndefRecordToType
 .text.ndefRecordSetNdefType
                0x000000000800718c       0x70 Middlewares/ST/ndef/Src/message/ndef_types.o
                0x000000000800718c                ndefRecordSetNdefType
 .text.ndefRecordGetNdefType
                0x00000000080071fc       0x4a Middlewares/ST/ndef/Src/message/ndef_types.o
                0x00000000080071fc                ndefRecordGetNdefType
 .text.ndefVCardPayloadGetLength
                0x0000000008007246      0x106 Middlewares/ST/ndef/Src/message/ndef_types_mime.o
 .text.ndefVCardToPayloadItem
                0x000000000800734c      0x348 Middlewares/ST/ndef/Src/message/ndef_types_mime.o
 .text.ndefGetVCard
                0x0000000008007694      0x100 Middlewares/ST/ndef/Src/message/ndef_types_mime.o
                0x0000000008007694                ndefGetVCard
 .text.ndefVCardFindMarker
                0x0000000008007794       0x86 Middlewares/ST/ndef/Src/message/ndef_types_mime.o
 .text.ndefVCardExtractLine
                0x000000000800781a       0x7c Middlewares/ST/ndef/Src/message/ndef_types_mime.o
 *fill*         0x0000000008007896        0x2 
 .text.ndefVCardParseLine
                0x0000000008007898       0xdc Middlewares/ST/ndef/Src/message/ndef_types_mime.o
 .text.ndefIsVCardTypeFound
                0x0000000008007974       0x5e Middlewares/ST/ndef/Src/message/ndef_types_mime.o
 *fill*         0x00000000080079d2        0x2 
 .text.ndefPayloadToVcard
                0x00000000080079d4      0x184 Middlewares/ST/ndef/Src/message/ndef_types_mime.o
 .text.ndefRecordToVCard
                0x0000000008007b58       0x6c Middlewares/ST/ndef/Src/message/ndef_types_mime.o
                0x0000000008007b58                ndefRecordToVCard
 .text.ndefVCardToRecord
                0x0000000008007bc4       0x48 Middlewares/ST/ndef/Src/message/ndef_types_mime.o
                0x0000000008007bc4                ndefVCardToRecord
 .text.ndefEmptyTypePayloadGetLength
                0x0000000008007c0c       0x26 Middlewares/ST/ndef/Src/message/ndef_types_rtd.o
 .text.ndefEmptyTypePayloadItem
                0x0000000008007c32       0x3e Middlewares/ST/ndef/Src/message/ndef_types_rtd.o
 .text.ndefEmptyType
                0x0000000008007c70       0x38 Middlewares/ST/ndef/Src/message/ndef_types_rtd.o
                0x0000000008007c70                ndefEmptyType
 .text.ndefRecordToEmptyType
                0x0000000008007ca8       0x74 Middlewares/ST/ndef/Src/message/ndef_types_rtd.o
                0x0000000008007ca8                ndefRecordToEmptyType
 .text.ndefEmptyTypeToRecord
                0x0000000008007d1c       0x3a Middlewares/ST/ndef/Src/message/ndef_types_rtd.o
                0x0000000008007d1c                ndefEmptyTypeToRecord
 .text.ndefRtdDeviceInfoPayloadGetLength
                0x0000000008007d56       0x64 Middlewares/ST/ndef/Src/message/ndef_types_rtd.o
 *fill*         0x0000000008007dba        0x2 
 .text.ndefRtdDeviceInfoToPayloadItem
                0x0000000008007dbc       0xfc Middlewares/ST/ndef/Src/message/ndef_types_rtd.o
 .text.ndefGetRtdDeviceInfo
                0x0000000008007eb8       0x80 Middlewares/ST/ndef/Src/message/ndef_types_rtd.o
                0x0000000008007eb8                ndefGetRtdDeviceInfo
 .text.ndefPayloadToRtdDeviceInfo
                0x0000000008007f38      0x178 Middlewares/ST/ndef/Src/message/ndef_types_rtd.o
 .text.ndefRecordToRtdDeviceInfo
                0x00000000080080b0       0x78 Middlewares/ST/ndef/Src/message/ndef_types_rtd.o
                0x00000000080080b0                ndefRecordToRtdDeviceInfo
 .text.ndefRtdDeviceInfoToRecord
                0x0000000008008128       0x48 Middlewares/ST/ndef/Src/message/ndef_types_rtd.o
                0x0000000008008128                ndefRtdDeviceInfoToRecord
 .text.ndefRtdTextPayloadGetLength
                0x0000000008008170       0x38 Middlewares/ST/ndef/Src/message/ndef_types_rtd.o
 .text.ndefRtdTextToPayloadItem
                0x00000000080081a8       0xa8 Middlewares/ST/ndef/Src/message/ndef_types_rtd.o
 .text.ndefRtdText
                0x0000000008008250       0xc8 Middlewares/ST/ndef/Src/message/ndef_types_rtd.o
                0x0000000008008250                ndefRtdText
 .text.ndefGetRtdText
                0x0000000008008318       0x70 Middlewares/ST/ndef/Src/message/ndef_types_rtd.o
                0x0000000008008318                ndefGetRtdText
 .text.ndefPayloadToRtdText
                0x0000000008008388       0x98 Middlewares/ST/ndef/Src/message/ndef_types_rtd.o
 .text.ndefRecordToRtdText
                0x0000000008008420       0x78 Middlewares/ST/ndef/Src/message/ndef_types_rtd.o
                0x0000000008008420                ndefRecordToRtdText
 .text.ndefRtdTextToRecord
                0x0000000008008498       0x48 Middlewares/ST/ndef/Src/message/ndef_types_rtd.o
                0x0000000008008498                ndefRtdTextToRecord
 .text.ndefRtdUriPayloadGetLength
                0x00000000080084e0       0x30 Middlewares/ST/ndef/Src/message/ndef_types_rtd.o
 .text.ndefRtdUriToPayloadItem
                0x0000000008008510       0x90 Middlewares/ST/ndef/Src/message/ndef_types_rtd.o
 .text.ndefRtdUriProtocolAutodetect
                0x00000000080085a0       0xac Middlewares/ST/ndef/Src/message/ndef_types_rtd.o
 .text.ndefRtdUri
                0x000000000800864c       0x98 Middlewares/ST/ndef/Src/message/ndef_types_rtd.o
                0x000000000800864c                ndefRtdUri
 .text.ndefGetRtdUri
                0x00000000080086e4       0x70 Middlewares/ST/ndef/Src/message/ndef_types_rtd.o
                0x00000000080086e4                ndefGetRtdUri
 .text.ndefPayloadToRtdUri
                0x0000000008008754       0x5a Middlewares/ST/ndef/Src/message/ndef_types_rtd.o
 *fill*         0x00000000080087ae        0x2 
 .text.ndefRecordToRtdUri
                0x00000000080087b0       0x78 Middlewares/ST/ndef/Src/message/ndef_types_rtd.o
                0x00000000080087b0                ndefRecordToRtdUri
 .text.ndefRtdUriToRecord
                0x0000000008008828       0x48 Middlewares/ST/ndef/Src/message/ndef_types_rtd.o
                0x0000000008008828                ndefRtdUriToRecord
 .text.ndefRtdAar
                0x0000000008008870       0x70 Middlewares/ST/ndef/Src/message/ndef_types_rtd.o
                0x0000000008008870                ndefRtdAar
 .text.ndefGetRtdAar
                0x00000000080088e0       0x44 Middlewares/ST/ndef/Src/message/ndef_types_rtd.o
                0x00000000080088e0                ndefGetRtdAar
 .text.ndefRecordToRtdAar
                0x0000000008008924       0x50 Middlewares/ST/ndef/Src/message/ndef_types_rtd.o
                0x0000000008008924                ndefRecordToRtdAar
 .text.ndefRtdAarToRecord
                0x0000000008008974       0x54 Middlewares/ST/ndef/Src/message/ndef_types_rtd.o
                0x0000000008008974                ndefRtdAarToRecord
 .text.ndefPollerContextInitialization
                0x00000000080089c8       0x5c Middlewares/ST/ndef/Src/poller/ndef_poller.o
                0x00000000080089c8                ndefPollerContextInitialization
 .text.ndefPollerNdefDetect
                0x0000000008008a24       0x3a Middlewares/ST/ndef/Src/poller/ndef_poller.o
                0x0000000008008a24                ndefPollerNdefDetect
 .text.ndefPollerReadRawMessage
                0x0000000008008a5e       0x42 Middlewares/ST/ndef/Src/poller/ndef_poller.o
                0x0000000008008a5e                ndefPollerReadRawMessage
 .text.ndefPollerWriteRawMessage
                0x0000000008008aa0       0x3e Middlewares/ST/ndef/Src/poller/ndef_poller.o
                0x0000000008008aa0                ndefPollerWriteRawMessage
 .text.ndefPollerTagFormat
                0x0000000008008ade       0x3e Middlewares/ST/ndef/Src/poller/ndef_poller.o
                0x0000000008008ade                ndefPollerTagFormat
 .text.ndefPollerWriteBytes
                0x0000000008008b1c       0x42 Middlewares/ST/ndef/Src/poller/ndef_poller.o
                0x0000000008008b1c                ndefPollerWriteBytes
 .text.ndefPollerCheckAvailableSpace
                0x0000000008008b5e       0x3a Middlewares/ST/ndef/Src/poller/ndef_poller.o
                0x0000000008008b5e                ndefPollerCheckAvailableSpace
 .text.ndefPollerBeginWriteMessage
                0x0000000008008b98       0x3a Middlewares/ST/ndef/Src/poller/ndef_poller.o
                0x0000000008008b98                ndefPollerBeginWriteMessage
 .text.ndefPollerEndWriteMessage
                0x0000000008008bd2       0x3a Middlewares/ST/ndef/Src/poller/ndef_poller.o
                0x0000000008008bd2                ndefPollerEndWriteMessage
 .text.ndefPollerWriteMessage
                0x0000000008008c0c      0x1e0 Middlewares/ST/ndef/Src/poller/ndef_poller.o
                0x0000000008008c0c                ndefPollerWriteMessage
 .text.ndefPollerGetDeviceType
                0x0000000008008dec       0x84 Middlewares/ST/ndef/Src/poller/ndef_poller.o
 .text.ndefT2TPollerReadBlock
                0x0000000008008e70       0x90 Middlewares/ST/ndef/Src/poller/ndef_t2t.o
 .text.ndefT2TPollerReadBytes
                0x0000000008008f00      0x19a Middlewares/ST/ndef/Src/poller/ndef_t2t.o
                0x0000000008008f00                ndefT2TPollerReadBytes
 .text.ndefT2TPollerContextInitialization
                0x000000000800909a       0x5a Middlewares/ST/ndef/Src/poller/ndef_t2t.o
                0x000000000800909a                ndefT2TPollerContextInitialization
 .text.ndefT2TPollerNdefDetect
                0x00000000080090f4      0x2ca Middlewares/ST/ndef/Src/poller/ndef_t2t.o
                0x00000000080090f4                ndefT2TPollerNdefDetect
 .text.ndefT2TPollerReadRawMessage
                0x00000000080093be       0x80 Middlewares/ST/ndef/Src/poller/ndef_t2t.o
                0x00000000080093be                ndefT2TPollerReadRawMessage
 .text.ndefT2TPollerWriteBlock
                0x000000000800943e       0x7c Middlewares/ST/ndef/Src/poller/ndef_t2t.o
 .text.ndefT2TPollerWriteBytes
                0x00000000080094ba      0x130 Middlewares/ST/ndef/Src/poller/ndef_t2t.o
                0x00000000080094ba                ndefT2TPollerWriteBytes
 .text.ndefT2TPollerWriteRawMessageLen
                0x00000000080095ea      0x128 Middlewares/ST/ndef/Src/poller/ndef_t2t.o
                0x00000000080095ea                ndefT2TPollerWriteRawMessageLen
 .text.ndefT2TPollerWriteRawMessage
                0x0000000008009712       0xd2 Middlewares/ST/ndef/Src/poller/ndef_t2t.o
                0x0000000008009712                ndefT2TPollerWriteRawMessage
 .text.ndefT2TPollerTagFormat
                0x00000000080097e4      0x178 Middlewares/ST/ndef/Src/poller/ndef_t2t.o
                0x00000000080097e4                ndefT2TPollerTagFormat
 .text.ndefT2TPollerCheckPresence
                0x000000000800995c       0x62 Middlewares/ST/ndef/Src/poller/ndef_t2t.o
                0x000000000800995c                ndefT2TPollerCheckPresence
 .text.ndefT2TPollerCheckAvailableSpace
                0x00000000080099be       0x6c Middlewares/ST/ndef/Src/poller/ndef_t2t.o
                0x00000000080099be                ndefT2TPollerCheckAvailableSpace
 .text.ndefT2TPollerBeginWriteMessage
                0x0000000008009a2a       0xa4 Middlewares/ST/ndef/Src/poller/ndef_t2t.o
                0x0000000008009a2a                ndefT2TPollerBeginWriteMessage
 .text.ndefT2TPollerEndWriteMessage
                0x0000000008009ace       0x78 Middlewares/ST/ndef/Src/poller/ndef_t2t.o
                0x0000000008009ace                ndefT2TPollerEndWriteMessage
 .text.ndefT3TPollerReadBlocks
                0x0000000008009b46      0x100 Middlewares/ST/ndef/Src/poller/ndef_t3t.o
 .text.ndefT3TPollerReadBytes
                0x0000000008009c46      0x228 Middlewares/ST/ndef/Src/poller/ndef_t3t.o
                0x0000000008009c46                ndefT3TPollerReadBytes
 .text.ndefT3TPollerReadAttributeInformationBlock
                0x0000000008009e6e      0x126 Middlewares/ST/ndef/Src/poller/ndef_t3t.o
 .text.ndefT3TPollerContextInitialization
                0x0000000008009f94       0x40 Middlewares/ST/ndef/Src/poller/ndef_t3t.o
                0x0000000008009f94                ndefT3TPollerContextInitialization
 .text.ndefT3TPollerNdefDetect
                0x0000000008009fd4      0x166 Middlewares/ST/ndef/Src/poller/ndef_t3t.o
                0x0000000008009fd4                ndefT3TPollerNdefDetect
 .text.ndefT3TPollerReadRawMessage
                0x000000000800a13a       0x86 Middlewares/ST/ndef/Src/poller/ndef_t3t.o
                0x000000000800a13a                ndefT3TPollerReadRawMessage
 .text.ndefT3TPollerWriteBlocks
                0x000000000800a1c0       0xb8 Middlewares/ST/ndef/Src/poller/ndef_t3t.o
 .text.ndefT3TPollerWriteBytes
                0x000000000800a278      0x202 Middlewares/ST/ndef/Src/poller/ndef_t3t.o
                0x000000000800a278                ndefT3TPollerWriteBytes
 .text.ndefT3TPollerWriteAttributeInformationBlock
                0x000000000800a47a      0x240 Middlewares/ST/ndef/Src/poller/ndef_t3t.o
 .text.ndefT3TPollerWriteRawMessage
                0x000000000800a6ba       0xca Middlewares/ST/ndef/Src/poller/ndef_t3t.o
                0x000000000800a6ba                ndefT3TPollerWriteRawMessage
 .text.ndefT3TPollerTagFormat
                0x000000000800a784       0xd2 Middlewares/ST/ndef/Src/poller/ndef_t3t.o
                0x000000000800a784                ndefT3TPollerTagFormat
 .text.ndefT3TPollerCheckPresence
                0x000000000800a856       0x44 Middlewares/ST/ndef/Src/poller/ndef_t3t.o
                0x000000000800a856                ndefT3TPollerCheckPresence
 .text.ndefT3TPollerCheckAvailableSpace
                0x000000000800a89a       0x46 Middlewares/ST/ndef/Src/poller/ndef_t3t.o
                0x000000000800a89a                ndefT3TPollerCheckAvailableSpace
 .text.ndefT3TPollerBeginWriteMessage
                0x000000000800a8e0       0x6a Middlewares/ST/ndef/Src/poller/ndef_t3t.o
                0x000000000800a8e0                ndefT3TPollerBeginWriteMessage
 .text.ndefT3TPollerEndWriteMessage
                0x000000000800a94a       0x7e Middlewares/ST/ndef/Src/poller/ndef_t3t.o
                0x000000000800a94a                ndefT3TPollerEndWriteMessage
 .text.ndefT3TPollerWriteRawMessageLen
                0x000000000800a9c8       0x46 Middlewares/ST/ndef/Src/poller/ndef_t3t.o
                0x000000000800a9c8                ndefT3TPollerWriteRawMessageLen
 .text.ndefT4TInitializeIsoDepTxRxParam
                0x000000000800aa0e       0x5e Middlewares/ST/ndef/Src/poller/ndef_t4t.o
 .text.ndefT4TTransceiveTxRx
                0x000000000800aa6c       0x84 Middlewares/ST/ndef/Src/poller/ndef_t4t.o
 .text.ndefT4TReadAndParseCCFile
                0x000000000800aaf0      0x328 Middlewares/ST/ndef/Src/poller/ndef_t4t.o
 .text.ndefT4TPollerSelectNdefTagApplication
                0x000000000800ae18       0xb4 Middlewares/ST/ndef/Src/poller/ndef_t4t.o
                0x000000000800ae18                ndefT4TPollerSelectNdefTagApplication
 .text.ndefT4TPollerSelectFile
                0x000000000800aecc       0x7e Middlewares/ST/ndef/Src/poller/ndef_t4t.o
                0x000000000800aecc                ndefT4TPollerSelectFile
 .text.ndefT4TPollerReadBinary
                0x000000000800af4a       0x7c Middlewares/ST/ndef/Src/poller/ndef_t4t.o
                0x000000000800af4a                ndefT4TPollerReadBinary
 *fill*         0x000000000800afc6        0x2 
 .text.ndefT4TPollerReadBinaryODO
                0x000000000800afc8       0x80 Middlewares/ST/ndef/Src/poller/ndef_t4t.o
                0x000000000800afc8                ndefT4TPollerReadBinaryODO
 .text.ndefT4TPollerReadBytes
                0x000000000800b048      0x124 Middlewares/ST/ndef/Src/poller/ndef_t4t.o
                0x000000000800b048                ndefT4TPollerReadBytes
 .text.ndefT4TPollerContextInitialization
                0x000000000800b16c       0x60 Middlewares/ST/ndef/Src/poller/ndef_t4t.o
                0x000000000800b16c                ndefT4TPollerContextInitialization
 .text.ndefT4TPollerNdefDetect
                0x000000000800b1cc      0x254 Middlewares/ST/ndef/Src/poller/ndef_t4t.o
                0x000000000800b1cc                ndefT4TPollerNdefDetect
 .text.ndefT4TPollerReadRawMessage
                0x000000000800b420       0x88 Middlewares/ST/ndef/Src/poller/ndef_t4t.o
                0x000000000800b420                ndefT4TPollerReadRawMessage
 .text.ndefT4TPollerWriteBinary
                0x000000000800b4a8       0x86 Middlewares/ST/ndef/Src/poller/ndef_t4t.o
                0x000000000800b4a8                ndefT4TPollerWriteBinary
 *fill*         0x000000000800b52e        0x2 
 .text.ndefT4TPollerWriteBinaryODO
                0x000000000800b530       0x84 Middlewares/ST/ndef/Src/poller/ndef_t4t.o
                0x000000000800b530                ndefT4TPollerWriteBinaryODO
 .text.ndefT4TPollerWriteBytes
                0x000000000800b5b4       0xdc Middlewares/ST/ndef/Src/poller/ndef_t4t.o
                0x000000000800b5b4                ndefT4TPollerWriteBytes
 .text.ndefT4TPollerWriteRawMessageLen
                0x000000000800b690      0x100 Middlewares/ST/ndef/Src/poller/ndef_t4t.o
                0x000000000800b690                ndefT4TPollerWriteRawMessageLen
 .text.ndefT4TPollerWriteRawMessage
                0x000000000800b790       0xda Middlewares/ST/ndef/Src/poller/ndef_t4t.o
                0x000000000800b790                ndefT4TPollerWriteRawMessage
 .text.ndefT4TPollerTagFormat
                0x000000000800b86a       0xac Middlewares/ST/ndef/Src/poller/ndef_t4t.o
                0x000000000800b86a                ndefT4TPollerTagFormat
 .text.ndefT4TPollerCheckPresence
                0x000000000800b916       0x8e Middlewares/ST/ndef/Src/poller/ndef_t4t.o
                0x000000000800b916                ndefT4TPollerCheckPresence
 .text.ndefT4TPollerCheckAvailableSpace
                0x000000000800b9a4       0x70 Middlewares/ST/ndef/Src/poller/ndef_t4t.o
                0x000000000800b9a4                ndefT4TPollerCheckAvailableSpace
 .text.ndefT4TPollerBeginWriteMessage
                0x000000000800ba14       0x74 Middlewares/ST/ndef/Src/poller/ndef_t4t.o
                0x000000000800ba14                ndefT4TPollerBeginWriteMessage
 .text.ndefT4TPollerEndWriteMessage
                0x000000000800ba88       0x80 Middlewares/ST/ndef/Src/poller/ndef_t4t.o
                0x000000000800ba88                ndefT4TPollerEndWriteMessage
 .text.ndefT5TPollerReadBytes
                0x000000000800bb08      0x220 Middlewares/ST/ndef/Src/poller/ndef_t5t.o
                0x000000000800bb08                ndefT5TPollerReadBytes
 .text.ndefT5TPollerContextInitialization
                0x000000000800bd28      0x158 Middlewares/ST/ndef/Src/poller/ndef_t5t.o
                0x000000000800bd28                ndefT5TPollerContextInitialization
 .text.ndefT5TPollerNdefDetect
                0x000000000800be80      0x430 Middlewares/ST/ndef/Src/poller/ndef_t5t.o
                0x000000000800be80                ndefT5TPollerNdefDetect
 .text.ndefT5TPollerReadRawMessage
                0x000000000800c2b0       0x5c Middlewares/ST/ndef/Src/poller/ndef_t5t.o
                0x000000000800c2b0                ndefT5TPollerReadRawMessage
 .text.ndefT5TPollerWriteBytes
                0x000000000800c30c      0x21c Middlewares/ST/ndef/Src/poller/ndef_t5t.o
                0x000000000800c30c                ndefT5TPollerWriteBytes
 .text.ndefT5TPollerWriteRawMessageLen
                0x000000000800c528      0x112 Middlewares/ST/ndef/Src/poller/ndef_t5t.o
                0x000000000800c528                ndefT5TPollerWriteRawMessageLen
 .text.ndefT5TPollerWriteRawMessage
                0x000000000800c63a       0xc8 Middlewares/ST/ndef/Src/poller/ndef_t5t.o
                0x000000000800c63a                ndefT5TPollerWriteRawMessage
 .text.ndefT5TWriteCC
                0x000000000800c702      0x1b6 Middlewares/ST/ndef/Src/poller/ndef_t5t.o
 .text.ndefT5TPollerTagFormat
                0x000000000800c8b8      0x234 Middlewares/ST/ndef/Src/poller/ndef_t5t.o
                0x000000000800c8b8                ndefT5TPollerTagFormat
 .text.ndefT5TPollerCheckPresence
                0x000000000800caec       0x42 Middlewares/ST/ndef/Src/poller/ndef_t5t.o
                0x000000000800caec                ndefT5TPollerCheckPresence
 .text.ndefT5TPollerCheckAvailableSpace
                0x000000000800cb2e       0x6a Middlewares/ST/ndef/Src/poller/ndef_t5t.o
                0x000000000800cb2e                ndefT5TPollerCheckAvailableSpace
 .text.ndefT5TPollerBeginWriteMessage
                0x000000000800cb98       0x9c Middlewares/ST/ndef/Src/poller/ndef_t5t.o
                0x000000000800cb98                ndefT5TPollerBeginWriteMessage
 .text.ndefT5TPollerEndWriteMessage
                0x000000000800cc34       0x70 Middlewares/ST/ndef/Src/poller/ndef_t5t.o
                0x000000000800cc34                ndefT5TPollerEndWriteMessage
 .text.ndefT5TPollerWriteSingleBlock
                0x000000000800cca4       0xa6 Middlewares/ST/ndef/Src/poller/ndef_t5t.o
 .text.ndefT5TPollerReadMultipleBlocks
                0x000000000800cd4a       0xac Middlewares/ST/ndef/Src/poller/ndef_t5t.o
 .text.ndefT5TPollerReadSingleBlock
                0x000000000800cdf6       0x9a Middlewares/ST/ndef/Src/poller/ndef_t5t.o
 .text.ndefT5TGetSystemInformation
                0x000000000800ce90      0x226 Middlewares/ST/ndef/Src/poller/ndef_t5t.o
 *fill*         0x000000000800d0b6        0x2 
 .text.rfalAnalogConfigInitialize
                0x000000000800d0b8       0x28 Middlewares/ST/rfal/Src/rfal_analogConfig.o
                0x000000000800d0b8                rfalAnalogConfigInitialize
 .text.rfalSetAnalogConfig
                0x000000000800d0e0      0x144 Middlewares/ST/rfal/Src/rfal_analogConfig.o
                0x000000000800d0e0                rfalSetAnalogConfig
 .text.rfalAnalogConfigSearch
                0x000000000800d224       0xc4 Middlewares/ST/rfal/Src/rfal_analogConfig.o
 .text.rfalCrcCalculateCcitt
                0x000000000800d2e8       0x48 Middlewares/ST/rfal/Src/rfal_crc.o
                0x000000000800d2e8                rfalCrcCalculateCcitt
 .text.rfalCrcUpdateCcitt
                0x000000000800d330       0x68 Middlewares/ST/rfal/Src/rfal_crc.o
 .text.iso15693PhyConfigure
                0x000000000800d398       0x4c Middlewares/ST/rfal/Src/rfal_iso15693_2.o
                0x000000000800d398                iso15693PhyConfigure
 .text.iso15693VCDCode
                0x000000000800d3e4      0x2ec Middlewares/ST/rfal/Src/rfal_iso15693_2.o
                0x000000000800d3e4                iso15693VCDCode
 .text.iso15693VICCDecode
                0x000000000800d6d0      0x23c Middlewares/ST/rfal/Src/rfal_iso15693_2.o
                0x000000000800d6d0                iso15693VICCDecode
 .text.iso15693PhyVCDCode1Of4
                0x000000000800d90c       0xa8 Middlewares/ST/rfal/Src/rfal_iso15693_2.o
 .text.iso15693PhyVCDCode1Of256
                0x000000000800d9b4       0xa8 Middlewares/ST/rfal/Src/rfal_iso15693_2.o
 .text.isoDepClearCounters
                0x000000000800da5c       0x24 Middlewares/ST/rfal/Src/rfal_isoDep.o
 .text.isoDepTx
                0x000000000800da80      0x130 Middlewares/ST/rfal/Src/rfal_isoDep.o
 .text.isoDepHandleControlMsg
                0x000000000800dbb0      0x174 Middlewares/ST/rfal/Src/rfal_isoDep.o
 .text.rfalIsoDepInitialize
                0x000000000800dd24       0xa4 Middlewares/ST/rfal/Src/rfal_isoDep.o
                0x000000000800dd24                rfalIsoDepInitialize
 .text.isoDepDataExchangePCD
                0x000000000800ddc8      0x550 Middlewares/ST/rfal/Src/rfal_isoDep.o
 .text.rfalIsoDepDeselect
                0x000000000800e318       0xa0 Middlewares/ST/rfal/Src/rfal_isoDep.o
                0x000000000800e318                rfalIsoDepDeselect
 .text.rfalIsoDepFWI2FWT
                0x000000000800e3b8       0x3e Middlewares/ST/rfal/Src/rfal_isoDep.o
                0x000000000800e3b8                rfalIsoDepFWI2FWT
 *fill*         0x000000000800e3f6        0x2 
 .text.rfalIsoDepFSxI2FSx
                0x000000000800e3f8       0xdc Middlewares/ST/rfal/Src/rfal_isoDep.o
                0x000000000800e3f8                rfalIsoDepFSxI2FSx
 .text.rfalIsoDepGetMaxInfLen
                0x000000000800e4d4       0x50 Middlewares/ST/rfal/Src/rfal_isoDep.o
                0x000000000800e4d4                rfalIsoDepGetMaxInfLen
 .text.rfalIsoDepStartTransceive
                0x000000000800e524       0xd8 Middlewares/ST/rfal/Src/rfal_isoDep.o
                0x000000000800e524                rfalIsoDepStartTransceive
 .text.rfalIsoDepGetTransceiveStatus
                0x000000000800e5fc       0x2c Middlewares/ST/rfal/Src/rfal_isoDep.o
                0x000000000800e5fc                rfalIsoDepGetTransceiveStatus
 .text.rfalIsoDepRATS
                0x000000000800e628       0xa8 Middlewares/ST/rfal/Src/rfal_isoDep.o
                0x000000000800e628                rfalIsoDepRATS
 .text.rfalIsoDepPPS
                0x000000000800e6d0       0xa4 Middlewares/ST/rfal/Src/rfal_isoDep.o
                0x000000000800e6d0                rfalIsoDepPPS
 .text.rfalIsoDepATTRIB
                0x000000000800e774      0x114 Middlewares/ST/rfal/Src/rfal_isoDep.o
                0x000000000800e774                rfalIsoDepATTRIB
 .text.rfalIsoDepPollAHandleActivation
                0x000000000800e888      0x2b4 Middlewares/ST/rfal/Src/rfal_isoDep.o
                0x000000000800e888                rfalIsoDepPollAHandleActivation
 .text.rfalIsoDepPollBHandleActivation
                0x000000000800eb3c      0x238 Middlewares/ST/rfal/Src/rfal_isoDep.o
                0x000000000800eb3c                rfalIsoDepPollBHandleActivation
 .text.rfalIsoDepCalcBitRate
                0x000000000800ed74      0x144 Middlewares/ST/rfal/Src/rfal_isoDep.o
 .text.rfalIsoDepSFGI2SFGT
                0x000000000800eeb8       0x58 Middlewares/ST/rfal/Src/rfal_isoDep.o
 .text.rfalIsoDepApdu2IBLockParam
                0x000000000800ef10       0x90 Middlewares/ST/rfal/Src/rfal_isoDep.o
 .text.rfalIsoDepStartApduTransceive
                0x000000000800efa0       0xa0 Middlewares/ST/rfal/Src/rfal_isoDep.o
                0x000000000800efa0                rfalIsoDepStartApduTransceive
 .text.rfalIsoDepGetApduTransceiveStatus
                0x000000000800f040      0x148 Middlewares/ST/rfal/Src/rfal_isoDep.o
                0x000000000800f040                rfalIsoDepGetApduTransceiveStatus
 .text.rfalNfcInitialize
                0x000000000800f188       0x38 Middlewares/ST/rfal/Src/rfal_nfc.o
                0x000000000800f188                rfalNfcInitialize
 .text.rfalNfcDiscover
                0x000000000800f1c0      0x118 Middlewares/ST/rfal/Src/rfal_nfc.o
                0x000000000800f1c0                rfalNfcDiscover
 .text.rfalNfcDeactivate
                0x000000000800f2d8       0x44 Middlewares/ST/rfal/Src/rfal_nfc.o
                0x000000000800f2d8                rfalNfcDeactivate
 .text.rfalNfcGetState
                0x000000000800f31c       0x14 Middlewares/ST/rfal/Src/rfal_nfc.o
                0x000000000800f31c                rfalNfcGetState
 .text.rfalNfcGetActiveDevice
                0x000000000800f330       0x4c Middlewares/ST/rfal/Src/rfal_nfc.o
                0x000000000800f330                rfalNfcGetActiveDevice
 .text.rfalNfcWorker
                0x000000000800f37c      0x3c8 Middlewares/ST/rfal/Src/rfal_nfc.o
                0x000000000800f37c                rfalNfcWorker
 .text.rfalNfcDataExchangeStart
                0x000000000800f744      0x230 Middlewares/ST/rfal/Src/rfal_nfc.o
                0x000000000800f744                rfalNfcDataExchangeStart
 .text.rfalNfcDataExchangeGetStatus
                0x000000000800f974      0x100 Middlewares/ST/rfal/Src/rfal_nfc.o
                0x000000000800f974                rfalNfcDataExchangeGetStatus
 .text.rfalNfcPollTechDetetection
                0x000000000800fa74      0x31c Middlewares/ST/rfal/Src/rfal_nfc.o
 .text.rfalNfcPollCollResolution
                0x000000000800fd90      0x5a4 Middlewares/ST/rfal/Src/rfal_nfc.o
 .text.rfalNfcPollActivation
                0x0000000008010334      0x558 Middlewares/ST/rfal/Src/rfal_nfc.o
 .text.rfalNfcListenActivation
                0x000000000801088c      0x2a8 Middlewares/ST/rfal/Src/rfal_nfc.o
 .text.rfalNfcNfcDepActivate
                0x0000000008010b34      0x148 Middlewares/ST/rfal/Src/rfal_nfc.o
 .text.rfalNfcDeactivation
                0x0000000008010c7c       0x50 Middlewares/ST/rfal/Src/rfal_nfc.o
 .text.nfcipDxIsSupported
                0x0000000008010ccc       0x44 Middlewares/ST/rfal/Src/rfal_nfcDep.o
 .text.nfcipTxRx
                0x0000000008010d10       0x90 Middlewares/ST/rfal/Src/rfal_nfcDep.o
 .text.nfcipDEPControlMsg
                0x0000000008010da0       0xc0 Middlewares/ST/rfal/Src/rfal_nfcDep.o
 .text.nfcipClearCounters
                0x0000000008010e60       0x38 Middlewares/ST/rfal/Src/rfal_nfcDep.o
 .text.nfcipInitiatorHandleDEP
                0x0000000008010e98      0x5a0 Middlewares/ST/rfal/Src/rfal_nfcDep.o
 .text.nfcipTargetHandleRX
                0x0000000008011438      0x894 Middlewares/ST/rfal/Src/rfal_nfcDep.o
 .text.nfcipTx  0x0000000008011ccc      0x318 Middlewares/ST/rfal/Src/rfal_nfcDep.o
 .text.nfcipConfig
                0x0000000008011fe4       0x84 Middlewares/ST/rfal/Src/rfal_nfcDep.o
 .text.nfcipRun
                0x0000000008012068      0x264 Middlewares/ST/rfal/Src/rfal_nfcDep.o
 .text.rfalNfcDepInitialize
                0x00000000080122cc       0xac Middlewares/ST/rfal/Src/rfal_nfcDep.o
                0x00000000080122cc                rfalNfcDepInitialize
 .text.nfcipSetDEPParams
                0x0000000008012378       0xd0 Middlewares/ST/rfal/Src/rfal_nfcDep.o
 .text.rfalNfcDepIsAtrReq
                0x0000000008012448       0x6c Middlewares/ST/rfal/Src/rfal_nfcDep.o
                0x0000000008012448                rfalNfcDepIsAtrReq
 .text.nfcipTargetHandleActivation
                0x00000000080124b4      0x1f4 Middlewares/ST/rfal/Src/rfal_nfcDep.o
 .text.rfalNfcDepATR
                0x00000000080126a8      0x1b4 Middlewares/ST/rfal/Src/rfal_nfcDep.o
                0x00000000080126a8                rfalNfcDepATR
 .text.rfalNfcDepPSL
                0x000000000801285c      0x104 Middlewares/ST/rfal/Src/rfal_nfcDep.o
                0x000000000801285c                rfalNfcDepPSL
 .text.rfalNfcDepRLS
                0x0000000008012960       0xd8 Middlewares/ST/rfal/Src/rfal_nfcDep.o
                0x0000000008012960                rfalNfcDepRLS
 .text.rfalNfcDepInitiatorHandleActivation
                0x0000000008012a38      0x1e0 Middlewares/ST/rfal/Src/rfal_nfcDep.o
                0x0000000008012a38                rfalNfcDepInitiatorHandleActivation
 .text.rfalNfcDepCalculateRWT
                0x0000000008012c18       0x2c Middlewares/ST/rfal/Src/rfal_nfcDep.o
                0x0000000008012c18                rfalNfcDepCalculateRWT
 .text.nfcipDataTx
                0x0000000008012c44       0x40 Middlewares/ST/rfal/Src/rfal_nfcDep.o
 .text.nfcipDataRx
                0x0000000008012c84       0x88 Middlewares/ST/rfal/Src/rfal_nfcDep.o
 .text.rfalNfcDepListenStartActivation
                0x0000000008012d0c      0x224 Middlewares/ST/rfal/Src/rfal_nfcDep.o
                0x0000000008012d0c                rfalNfcDepListenStartActivation
 .text.rfalNfcDepListenGetActivationStatus
                0x0000000008012f30       0xd0 Middlewares/ST/rfal/Src/rfal_nfcDep.o
                0x0000000008012f30                rfalNfcDepListenGetActivationStatus
 .text.rfalNfcDepStartTransceive
                0x0000000008013000       0x6c Middlewares/ST/rfal/Src/rfal_nfcDep.o
                0x0000000008013000                rfalNfcDepStartTransceive
 .text.rfalNfcDepGetTransceiveStatus
                0x000000000801306c       0x20 Middlewares/ST/rfal/Src/rfal_nfcDep.o
                0x000000000801306c                rfalNfcDepGetTransceiveStatus
 .text.rfalNfcaCalculateBcc
                0x000000000801308c       0x3e Middlewares/ST/rfal/Src/rfal_nfca.o
 *fill*         0x00000000080130ca        0x2 
 .text.rfalNfcaPollerInitialize
                0x00000000080130cc       0x48 Middlewares/ST/rfal/Src/rfal_nfca.o
                0x00000000080130cc                rfalNfcaPollerInitialize
 .text.rfalNfcaPollerCheckPresence
                0x0000000008013114       0x52 Middlewares/ST/rfal/Src/rfal_nfca.o
                0x0000000008013114                rfalNfcaPollerCheckPresence
 .text.rfalNfcaPollerTechnologyDetection
                0x0000000008013166       0x42 Middlewares/ST/rfal/Src/rfal_nfca.o
                0x0000000008013166                rfalNfcaPollerTechnologyDetection
 .text.rfalNfcaPollerSingleCollisionResolution
                0x00000000080131a8      0x39e Middlewares/ST/rfal/Src/rfal_nfca.o
                0x00000000080131a8                rfalNfcaPollerSingleCollisionResolution
 .text.rfalNfcaPollerFullCollisionResolution
                0x0000000008013546      0x238 Middlewares/ST/rfal/Src/rfal_nfca.o
                0x0000000008013546                rfalNfcaPollerFullCollisionResolution
 *fill*         0x000000000801377e        0x2 
 .text.rfalNfcaPollerSelect
                0x0000000008013780       0xe4 Middlewares/ST/rfal/Src/rfal_nfca.o
                0x0000000008013780                rfalNfcaPollerSelect
 .text.rfalNfcaPollerSleep
                0x0000000008013864       0x32 Middlewares/ST/rfal/Src/rfal_nfca.o
                0x0000000008013864                rfalNfcaPollerSleep
 .text.rfalNfcaListenerIsSleepReq
                0x0000000008013896       0x34 Middlewares/ST/rfal/Src/rfal_nfca.o
                0x0000000008013896                rfalNfcaListenerIsSleepReq
 .text.rfalNfcbCheckSensbRes
                0x00000000080138ca       0x40 Middlewares/ST/rfal/Src/rfal_nfcb.o
 *fill*         0x000000000801390a        0x2 
 .text.rfalNfcbPollerInitialize
                0x000000000801390c       0x58 Middlewares/ST/rfal/Src/rfal_nfcb.o
                0x000000000801390c                rfalNfcbPollerInitialize
 .text.rfalNfcbPollerCheckPresence
                0x0000000008013964       0xcc Middlewares/ST/rfal/Src/rfal_nfcb.o
                0x0000000008013964                rfalNfcbPollerCheckPresence
 .text.rfalNfcbPollerSleep
                0x0000000008013a30       0x68 Middlewares/ST/rfal/Src/rfal_nfcb.o
                0x0000000008013a30                rfalNfcbPollerSleep
 .text.rfalNfcbPollerSlotMarker
                0x0000000008013a98       0x98 Middlewares/ST/rfal/Src/rfal_nfcb.o
                0x0000000008013a98                rfalNfcbPollerSlotMarker
 .text.rfalNfcbPollerTechnologyDetection
                0x0000000008013b30       0x24 Middlewares/ST/rfal/Src/rfal_nfcb.o
                0x0000000008013b30                rfalNfcbPollerTechnologyDetection
 .text.rfalNfcbPollerCollisionResolution
                0x0000000008013b54       0x36 Middlewares/ST/rfal/Src/rfal_nfcb.o
                0x0000000008013b54                rfalNfcbPollerCollisionResolution
 .text.rfalNfcbPollerSlottedCollisionResolution
                0x0000000008013b8a      0x2ee Middlewares/ST/rfal/Src/rfal_nfcb.o
                0x0000000008013b8a                rfalNfcbPollerSlottedCollisionResolution
 .text.rfalNfcbTR2ToFDT
                0x0000000008013e78       0x38 Middlewares/ST/rfal/Src/rfal_nfcb.o
                0x0000000008013e78                rfalNfcbTR2ToFDT
 .text.rfalNfcfComputeValidSENF
                0x0000000008013eb0      0x204 Middlewares/ST/rfal/Src/rfal_nfcf.o
 .text.rfalNfcfPollerInitialize
                0x00000000080140b4       0x60 Middlewares/ST/rfal/Src/rfal_nfcf.o
                0x00000000080140b4                rfalNfcfPollerInitialize
 .text.rfalNfcfPollerPoll
                0x0000000008014114       0x3c Middlewares/ST/rfal/Src/rfal_nfcf.o
                0x0000000008014114                rfalNfcfPollerPoll
 .text.rfalNfcfPollerCheckPresence
                0x0000000008014150       0x40 Middlewares/ST/rfal/Src/rfal_nfcf.o
                0x0000000008014150                rfalNfcfPollerCheckPresence
 .text.rfalNfcfPollerCollisionResolution
                0x0000000008014190       0xe0 Middlewares/ST/rfal/Src/rfal_nfcf.o
                0x0000000008014190                rfalNfcfPollerCollisionResolution
 .text.rfalNfcfPollerCheck
                0x0000000008014270      0x288 Middlewares/ST/rfal/Src/rfal_nfcf.o
                0x0000000008014270                rfalNfcfPollerCheck
 .text.rfalNfcfPollerUpdate
                0x00000000080144f8      0x244 Middlewares/ST/rfal/Src/rfal_nfcf.o
                0x00000000080144f8                rfalNfcfPollerUpdate
 .text.rfalNfcvParseError
                0x000000000801473c       0x7c Middlewares/ST/rfal/Src/rfal_nfcv.o
 .text.rfalNfcvPollerInitialize
                0x00000000080147b8       0x48 Middlewares/ST/rfal/Src/rfal_nfcv.o
                0x00000000080147b8                rfalNfcvPollerInitialize
 .text.rfalNfcvPollerCheckPresence
                0x0000000008014800       0x42 Middlewares/ST/rfal/Src/rfal_nfcv.o
                0x0000000008014800                rfalNfcvPollerCheckPresence
 .text.rfalNfcvPollerInventory
                0x0000000008014842       0xc6 Middlewares/ST/rfal/Src/rfal_nfcv.o
                0x0000000008014842                rfalNfcvPollerInventory
 .text.rfalNfcvPollerCollisionResolution
                0x0000000008014908      0x34c Middlewares/ST/rfal/Src/rfal_nfcv.o
                0x0000000008014908                rfalNfcvPollerCollisionResolution
 .text.rfalNfcvPollerSelect
                0x0000000008014c54       0x44 Middlewares/ST/rfal/Src/rfal_nfcv.o
                0x0000000008014c54                rfalNfcvPollerSelect
 .text.rfalNfcvPollerReadSingleBlock
                0x0000000008014c98       0x42 Middlewares/ST/rfal/Src/rfal_nfcv.o
                0x0000000008014c98                rfalNfcvPollerReadSingleBlock
 .text.rfalNfcvPollerWriteSingleBlock
                0x0000000008014cda       0xa0 Middlewares/ST/rfal/Src/rfal_nfcv.o
                0x0000000008014cda                rfalNfcvPollerWriteSingleBlock
 .text.rfalNfcvPollerReadMultipleBlocks
                0x0000000008014d7a       0x6e Middlewares/ST/rfal/Src/rfal_nfcv.o
                0x0000000008014d7a                rfalNfcvPollerReadMultipleBlocks
 .text.rfalNfcvPollerExtendedReadSingleBlock
                0x0000000008014de8       0x70 Middlewares/ST/rfal/Src/rfal_nfcv.o
                0x0000000008014de8                rfalNfcvPollerExtendedReadSingleBlock
 .text.rfalNfcvPollerExtendedWriteSingleBlock
                0x0000000008014e58       0xb8 Middlewares/ST/rfal/Src/rfal_nfcv.o
                0x0000000008014e58                rfalNfcvPollerExtendedWriteSingleBlock
 .text.rfalNfcvPollerExtendedReadMultipleBlocks
                0x0000000008014f10       0xa2 Middlewares/ST/rfal/Src/rfal_nfcv.o
                0x0000000008014f10                rfalNfcvPollerExtendedReadMultipleBlocks
 .text.rfalNfcvPollerGetSystemInformation
                0x0000000008014fb2       0x3e Middlewares/ST/rfal/Src/rfal_nfcv.o
                0x0000000008014fb2                rfalNfcvPollerGetSystemInformation
 .text.rfalNfcvPollerExtendedGetSystemInformation
                0x0000000008014ff0       0x3c Middlewares/ST/rfal/Src/rfal_nfcv.o
                0x0000000008014ff0                rfalNfcvPollerExtendedGetSystemInformation
 .text.rfalNfcvPollerTransceiveReq
                0x000000000801502c      0x1f8 Middlewares/ST/rfal/Src/rfal_nfcv.o
                0x000000000801502c                rfalNfcvPollerTransceiveReq
 .text.rfalInitialize
                0x0000000008015224       0xd0 Middlewares/ST/rfal/Src/rfal_rfst25r3911.o
                0x0000000008015224                rfalInitialize
 .text.rfalCalibrate
                0x00000000080152f4       0x78 Middlewares/ST/rfal/Src/rfal_rfst25r3911.o
                0x00000000080152f4                rfalCalibrate
 .text.rfalSetMode
                0x000000000801536c      0x224 Middlewares/ST/rfal/Src/rfal_rfst25r3911.o
                0x000000000801536c                rfalSetMode
 .text.rfalSetBitRate
                0x0000000008015590      0x4c4 Middlewares/ST/rfal/Src/rfal_rfst25r3911.o
                0x0000000008015590                rfalSetBitRate
 .text.rfalGetBitRate
                0x0000000008015a54       0x4c Middlewares/ST/rfal/Src/rfal_rfst25r3911.o
                0x0000000008015a54                rfalGetBitRate
 .text.rfalSetErrorHandling
                0x0000000008015aa0       0x20 Middlewares/ST/rfal/Src/rfal_rfst25r3911.o
                0x0000000008015aa0                rfalSetErrorHandling
 .text.rfalSetFDTPoll
                0x0000000008015ac0       0x28 Middlewares/ST/rfal/Src/rfal_rfst25r3911.o
                0x0000000008015ac0                rfalSetFDTPoll
 .text.rfalSetFDTListen
                0x0000000008015ae8       0x28 Middlewares/ST/rfal/Src/rfal_rfst25r3911.o
                0x0000000008015ae8                rfalSetFDTListen
 .text.rfalSetGT
                0x0000000008015b10       0x28 Middlewares/ST/rfal/Src/rfal_rfst25r3911.o
                0x0000000008015b10                rfalSetGT
 .text.rfalIsGTExpired
                0x0000000008015b38       0x30 Middlewares/ST/rfal/Src/rfal_rfst25r3911.o
                0x0000000008015b38                rfalIsGTExpired
 .text.rfalFieldOnAndStartGT
                0x0000000008015b68       0xc4 Middlewares/ST/rfal/Src/rfal_rfst25r3911.o
                0x0000000008015b68                rfalFieldOnAndStartGT
 .text.rfalFieldOff
                0x0000000008015c2c       0x2c Middlewares/ST/rfal/Src/rfal_rfst25r3911.o
                0x0000000008015c2c                rfalFieldOff
 .text.rfalStartTransceive
                0x0000000008015c58      0x260 Middlewares/ST/rfal/Src/rfal_rfst25r3911.o
                0x0000000008015c58                rfalStartTransceive
 .text.rfalIsTransceiveInTx
                0x0000000008015eb8       0x2c Middlewares/ST/rfal/Src/rfal_rfst25r3911.o
                0x0000000008015eb8                rfalIsTransceiveInTx
 .text.rfalIsTransceiveInRx
                0x0000000008015ee4       0x20 Middlewares/ST/rfal/Src/rfal_rfst25r3911.o
                0x0000000008015ee4                rfalIsTransceiveInRx
 .text.rfalTransceiveBlockingTx
                0x0000000008015f04       0x5e Middlewares/ST/rfal/Src/rfal_rfst25r3911.o
                0x0000000008015f04                rfalTransceiveBlockingTx
 .text.rfalTransceiveRunBlockingTx
                0x0000000008015f62       0x3a Middlewares/ST/rfal/Src/rfal_rfst25r3911.o
 .text.rfalTransceiveBlockingRx
                0x0000000008015f9c       0x2c Middlewares/ST/rfal/Src/rfal_rfst25r3911.o
                0x0000000008015f9c                rfalTransceiveBlockingRx
 .text.rfalTransceiveBlockingTxRx
                0x0000000008015fc8       0x62 Middlewares/ST/rfal/Src/rfal_rfst25r3911.o
                0x0000000008015fc8                rfalTransceiveBlockingTxRx
 *fill*         0x000000000801602a        0x2 
 .text.rfalRunTransceiveWorker
                0x000000000801602c       0x44 Middlewares/ST/rfal/Src/rfal_rfst25r3911.o
 .text.rfalGetTransceiveStatus
                0x0000000008016070       0x20 Middlewares/ST/rfal/Src/rfal_rfst25r3911.o
                0x0000000008016070                rfalGetTransceiveStatus
 .text.rfalWorker
                0x0000000008016090       0x30 Middlewares/ST/rfal/Src/rfal_rfst25r3911.o
                0x0000000008016090                rfalWorker
 .text.rfalErrorHandling
                0x00000000080160c0      0x10c Middlewares/ST/rfal/Src/rfal_rfst25r3911.o
 .text.rfalCleanupTransceive
                0x00000000080161cc       0x2c Middlewares/ST/rfal/Src/rfal_rfst25r3911.o
 .text.rfalPrepareTransceive
                0x00000000080161f8      0x12c Middlewares/ST/rfal/Src/rfal_rfst25r3911.o
 .text.rfalTransceiveTx
                0x0000000008016324      0x498 Middlewares/ST/rfal/Src/rfal_rfst25r3911.o
 .text.rfalTransceiveRx
                0x00000000080167bc      0x690 Middlewares/ST/rfal/Src/rfal_rfst25r3911.o
 .text.rfalFIFOStatusUpdate
                0x0000000008016e4c       0x24 Middlewares/ST/rfal/Src/rfal_rfst25r3911.o
 .text.rfalFIFOStatusClear
                0x0000000008016e70       0x18 Middlewares/ST/rfal/Src/rfal_rfst25r3911.o
 .text.rfalFIFOStatusGetNumBytes
                0x0000000008016e88       0x18 Middlewares/ST/rfal/Src/rfal_rfst25r3911.o
 .text.rfalFIFOStatusIsIncompleteByte
                0x0000000008016ea0       0x24 Middlewares/ST/rfal/Src/rfal_rfst25r3911.o
 .text.rfalFIFOStatusIsMissingPar
                0x0000000008016ec4       0x24 Middlewares/ST/rfal/Src/rfal_rfst25r3911.o
 .text.rfalFIFOGetNumIncompleteBits
                0x0000000008016ee8       0x20 Middlewares/ST/rfal/Src/rfal_rfst25r3911.o
 .text.rfalISO14443ATransceiveShortFrame
                0x0000000008016f08      0x1f8 Middlewares/ST/rfal/Src/rfal_rfst25r3911.o
                0x0000000008016f08                rfalISO14443ATransceiveShortFrame
 .text.rfalISO14443ATransceiveAnticollisionFrame
                0x0000000008017100      0x1f0 Middlewares/ST/rfal/Src/rfal_rfst25r3911.o
                0x0000000008017100                rfalISO14443ATransceiveAnticollisionFrame
 .text.rfalISO15693TransceiveAnticollisionFrame
                0x00000000080172f0       0xc0 Middlewares/ST/rfal/Src/rfal_rfst25r3911.o
                0x00000000080172f0                rfalISO15693TransceiveAnticollisionFrame
 .text.rfalISO15693TransceiveEOFAnticollision
                0x00000000080173b0       0x2c Middlewares/ST/rfal/Src/rfal_rfst25r3911.o
                0x00000000080173b0                rfalISO15693TransceiveEOFAnticollision
 .text.rfalISO15693TransceiveEOF
                0x00000000080173dc       0x54 Middlewares/ST/rfal/Src/rfal_rfst25r3911.o
                0x00000000080173dc                rfalISO15693TransceiveEOF
 .text.rfalFeliCaPoll
                0x0000000008017430      0x1e0 Middlewares/ST/rfal/Src/rfal_rfst25r3911.o
                0x0000000008017430                rfalFeliCaPoll
 .text.rfalIsExtFieldOn
                0x0000000008017610       0x14 Middlewares/ST/rfal/Src/rfal_rfst25r3911.o
                0x0000000008017610                rfalIsExtFieldOn
 .text.rfalListenStart
                0x0000000008017624       0xb8 Middlewares/ST/rfal/Src/rfal_rfst25r3911.o
                0x0000000008017624                rfalListenStart
 .text.rfalRunListenModeWorker
                0x00000000080176dc      0x214 Middlewares/ST/rfal/Src/rfal_rfst25r3911.o
 .text.rfalListenStop
                0x00000000080178f0       0x38 Middlewares/ST/rfal/Src/rfal_rfst25r3911.o
                0x00000000080178f0                rfalListenStop
 .text.rfalListenSleepStart
                0x0000000008017928       0x1e Middlewares/ST/rfal/Src/rfal_rfst25r3911.o
                0x0000000008017928                rfalListenSleepStart
 *fill*         0x0000000008017946        0x2 
 .text.rfalListenGetState
                0x0000000008017948       0x40 Middlewares/ST/rfal/Src/rfal_rfst25r3911.o
                0x0000000008017948                rfalListenGetState
 .text.rfalListenSetState
                0x0000000008017988      0x1a0 Middlewares/ST/rfal/Src/rfal_rfst25r3911.o
                0x0000000008017988                rfalListenSetState
 .text.rfalWakeUpModeStart
                0x0000000008017b28      0x39c Middlewares/ST/rfal/Src/rfal_rfst25r3911.o
                0x0000000008017b28                rfalWakeUpModeStart
 .text.rfalWakeUpModeHasWoke
                0x0000000008017ec4       0x20 Middlewares/ST/rfal/Src/rfal_rfst25r3911.o
                0x0000000008017ec4                rfalWakeUpModeHasWoke
 .text.rfalRunWakeUpModeWorker
                0x0000000008017ee4       0x7c Middlewares/ST/rfal/Src/rfal_rfst25r3911.o
 .text.rfalWakeUpModeStop
                0x0000000008017f60       0x48 Middlewares/ST/rfal/Src/rfal_rfst25r3911.o
                0x0000000008017f60                rfalWakeUpModeStop
 .text.rfalChipChangeRegBits
                0x0000000008017fa8       0x2a Middlewares/ST/rfal/Src/rfal_rfst25r3911.o
                0x0000000008017fa8                rfalChipChangeRegBits
 .text.rfalChipChangeTestRegBits
                0x0000000008017fd2       0x2a Middlewares/ST/rfal/Src/rfal_rfst25r3911.o
                0x0000000008017fd2                rfalChipChangeTestRegBits
 .text.rfalSt25tbPollerDoCollisionResolution
                0x0000000008017ffc      0x112 Middlewares/ST/rfal/Src/rfal_st25tb.o
 .text.rfalSt25tbPollerInitialize
                0x000000000801810e        0xe Middlewares/ST/rfal/Src/rfal_st25tb.o
                0x000000000801810e                rfalSt25tbPollerInitialize
 .text.rfalSt25tbPollerCheckPresence
                0x000000000801811c       0x40 Middlewares/ST/rfal/Src/rfal_st25tb.o
                0x000000000801811c                rfalSt25tbPollerCheckPresence
 .text.rfalSt25tbPollerInitiate
                0x000000000801815c       0x5a Middlewares/ST/rfal/Src/rfal_st25tb.o
                0x000000000801815c                rfalSt25tbPollerInitiate
 .text.rfalSt25tbPollerPcall
                0x00000000080181b6       0x4c Middlewares/ST/rfal/Src/rfal_st25tb.o
                0x00000000080181b6                rfalSt25tbPollerPcall
 .text.rfalSt25tbPollerSlotMarker
                0x0000000008018202       0x66 Middlewares/ST/rfal/Src/rfal_st25tb.o
                0x0000000008018202                rfalSt25tbPollerSlotMarker
 .text.rfalSt25tbPollerSelect
                0x0000000008018268       0x58 Middlewares/ST/rfal/Src/rfal_st25tb.o
                0x0000000008018268                rfalSt25tbPollerSelect
 .text.rfalSt25tbPollerGetUID
                0x00000000080182c0       0x48 Middlewares/ST/rfal/Src/rfal_st25tb.o
                0x00000000080182c0                rfalSt25tbPollerGetUID
 .text.rfalSt25tbPollerCollisionResolution
                0x0000000008018308       0xe6 Middlewares/ST/rfal/Src/rfal_st25tb.o
                0x0000000008018308                rfalSt25tbPollerCollisionResolution
 .text.rfalST25xVPollerM24LRReadSingleBlock
                0x00000000080183ee       0x76 Middlewares/ST/rfal/Src/rfal_st25xv.o
                0x00000000080183ee                rfalST25xVPollerM24LRReadSingleBlock
 .text.rfalST25xVPollerM24LRWriteSingleBlock
                0x0000000008018464       0xc4 Middlewares/ST/rfal/Src/rfal_st25xv.o
                0x0000000008018464                rfalST25xVPollerM24LRWriteSingleBlock
 .text.rfalST25xVPollerM24LRReadMultipleBlocks
                0x0000000008018528       0x8e Middlewares/ST/rfal/Src/rfal_st25xv.o
                0x0000000008018528                rfalST25xVPollerM24LRReadMultipleBlocks
 .text.rfalT1TPollerInitialize
                0x00000000080185b6       0x44 Middlewares/ST/rfal/Src/rfal_t1t.o
                0x00000000080185b6                rfalT1TPollerInitialize
 .text.rfalT1TPollerRid
                0x00000000080185fa       0x70 Middlewares/ST/rfal/Src/rfal_t1t.o
                0x00000000080185fa                rfalT1TPollerRid
 *fill*         0x000000000801866a        0x2 
 .text.rfalT2TPollerRead
                0x000000000801866c       0x78 Middlewares/ST/rfal/Src/rfal_t2t.o
                0x000000000801866c                rfalT2TPollerRead
 .text.rfalT2TPollerWrite
                0x00000000080186e4       0x70 Middlewares/ST/rfal/Src/rfal_t2t.o
                0x00000000080186e4                rfalT2TPollerWrite
 .text.rfalT2TPollerSectorSelect
                0x0000000008018754       0xbc Middlewares/ST/rfal/Src/rfal_t2t.o
                0x0000000008018754                rfalT2TPollerSectorSelect
 .text.rfalT4TPollerComposeCAPDU
                0x0000000008018810      0x136 Middlewares/ST/rfal/Src/rfal_t4t.o
                0x0000000008018810                rfalT4TPollerComposeCAPDU
 .text.rfalT4TPollerParseRAPDU