../Core/Src/main.c:85:5:main	16	static
../Core/Src/main.c:190:6:SystemClock_Config	80	static
../Core/Src/main.c:232:13:MX_I2C1_Init	8	static
../Core/Src/main.c:266:13:MX_SPI1_Init	8	static
../Core/Src/main.c:304:13:MX_UART4_Init	8	static
../Core/Src/main.c:337:13:MX_USART2_UART_Init	8	static
../Core/Src/main.c:370:13:MX_GPIO_Init	48	static
../Core/Src/main.c:419:5:__io_putchar	16	static
../Core/Src/main.c:424:6:ringbell	24	static
../Core/Src/main.c:439:6:Error_Handler	4	static,ignoring_inline_asm
