../Core/Src/ndef_dump.c:102:13:isPrintableASCII	24	static
../Core/Src/ndef_dump.c:124:12:ndefRecordDump	112	static
../Core/Src/ndef_dump.c:206:12:ndefMessageDump	24	static
../Core/Src/ndef_dump.c:238:12:ndefEmptyTypeDump	16	static
../Core/Src/ndef_dump.c:257:12:ndefRtdDeviceInfoDump	96	static
../Core/Src/ndef_dump.c:315:12:ndefRtdTextDump	40	static
../Core/Src/ndef_dump.c:344:12:ndefRtdUriDump	32	static
../Core/Src/ndef_dump.c:369:12:ndefRtdAarDump	24	static
../Core/Src/ndef_dump.c:392:12:ndefMediaTypeDump	32	static
../Core/Src/ndef_dump.c:417:19:ndefMediaVCardTranslate	104	static
../Core/Src/ndef_dump.c:463:12:ndefMediaVCardDump	160	static
../Core/Src/ndef_dump.c:543:12:ndefMediaWifiDump	40	static
../Core/Src/ndef_dump.c:570:12:ndefRecordDumpType	296	static
../Core/Src/ndef_dump.c:599:19:ndefBufferDumpLine	32	static
../Core/Src/ndef_dump.c:640:12:ndefBufferDump	48	static
../Core/Src/ndef_dump.c:689:12:ndefBufferPrint	32	static
../Core/Src/ndef_dump.c:749:12:ndefBuffer8Print	32	static
