../Core/Src/ndef_dump.c:108:13:isPrintableASCII	24	static
../Core/Src/ndef_dump.c:130:12:ndefRecordDump	112	static
../Core/Src/ndef_dump.c:212:12:ndefMessageDump	24	static
../Core/Src/ndef_dump.c:244:12:ndefEmptyTypeDump	16	static
../Core/Src/ndef_dump.c:263:12:ndefRtdDeviceInfoDump	96	static
../Core/Src/ndef_dump.c:321:12:ndefRtdTextDump	40	static
../Core/Src/ndef_dump.c:350:12:ndefRtdUriDump	32	static
../Core/Src/ndef_dump.c:375:12:ndefRtdAarDump	24	static
../Core/Src/ndef_dump.c:398:12:ndefMediaTypeDump	32	static
../Core/Src/ndef_dump.c:423:19:ndefMediaVCardTranslate	104	static
../Core/Src/ndef_dump.c:469:12:ndefMediaVCardDump	160	static
../Core/Src/ndef_dump.c:549:12:ndefMediaWifiDump	40	static
../Core/Src/ndef_dump.c:576:12:ndefRecordDumpType	296	static
../Core/Src/ndef_dump.c:605:19:ndefBufferDumpLine	32	static
../Core/Src/ndef_dump.c:646:12:ndefBufferDump	48	static
../Core/Src/ndef_dump.c:695:12:ndefBufferPrint	40	static
../Core/Src/ndef_dump.c:760:12:ndefBuffer8Print	32	static
